
 Start         Length     Name                   Class
 0001:00000000 00055CC8H .text                   CODE
 0002:00000000 00006120H .data                   DATA
 0002:00006120 00003C69H .bss                    BSS


Detailed map of segments

 0001:00000000 00000356 C=CODE     S=.text    G=(none)   M=System   ACBP=A9
 0001:00000358 00000140 C=CODE     S=.text    G=(none)   M=SysInit  ACBP=A9
 0001:00000498 000006A0 C=CODE     S=.text    G=(none)   M=Windows  ACBP=A9
 0001:00000B38 0000000E C=CODE     S=.text    G=(none)   M=Types    ACBP=A9
 0001:00000B48 00001DDB C=CODE     S=.text    G=(none)   M=ELeaks   ACBP=A9
 0001:00002924 000001F6 C=CODE     S=.text    G=(none)   M=SysUtils ACBP=A9
 0001:00002B1C 0000000E C=CODE     S=.text    G=(none)   M=SysConst ACBP=A9
 0001:00002B2C 00000038 C=CODE     S=.text    G=(none)   M=Messages ACBP=A9
 0001:00002B64 00000196 C=CODE     S=.text    G=(none)   M=Classes  ACBP=A9
 0001:00002CFC 0000000E C=CODE     S=.text    G=(none)   M=ActiveX  ACBP=A9
 0001:00002D0C 0000003E C=CODE     S=.text    G=(none)   M=TypInfo  ACBP=A9
 0001:00002D4C 0000000E C=CODE     S=.text    G=(none)   M=Variants ACBP=A9
 0001:00002D5C 0000000E C=CODE     S=.text    G=(none)   M=VarUtils ACBP=A9
 0001:00002D6C 0000000E C=CODE     S=.text    G=(none)   M=RTLConsts ACBP=A9
 0001:00002D7C 00000038 C=CODE     S=.text    G=(none)   M=ETypes   ACBP=A9
 0001:00002DB4 00002944 C=CODE     S=.text    G=(none)   M=EConsts  ACBP=A9
 0001:000056F8 00003E78 C=CODE     S=.text    G=(none)   M=ECore    ACBP=A9
 0001:00009570 000045C8 C=CODE     S=.text    G=(none)   M=EDebug   ACBP=A9
 0001:0000DB38 00000040 C=CODE     S=.text    G=(none)   M=ShellAPI ACBP=A9
 0001:0000DB78 000000A0 C=CODE     S=.text    G=(none)   M=WinSock  ACBP=A9
 0001:0000DC18 000014F8 C=CODE     S=.text    G=(none)   M=EHook    ACBP=A9
 0001:0000F110 000000E8 C=CODE     S=.text    G=(none)   M=ELang    ACBP=A9
 0001:0000F1F8 0000158C C=CODE     S=.text    G=(none)   M=ESockets ACBP=A9
 0001:00010784 00007A10 C=CODE     S=.text    G=(none)   M=EZlib    ACBP=A9
 0001:00018194 00000AFC C=CODE     S=.text    G=(none)   M=EHash    ACBP=A9
 0001:00018C90 00000354 C=CODE     S=.text    G=(none)   M=EEncrypt ACBP=A9
 0001:00018FE4 000002DC C=CODE     S=.text    G=(none)   M=EBase64  ACBP=A9
 0001:000192C0 00000190 C=CODE     S=.text    G=(none)   M=EZip     ACBP=A9
 0001:00019450 0000715C C=CODE     S=.text    G=(none)   M=EWebTools ACBP=A9
 0001:000205AC 000005A8 C=CODE     S=.text    G=(none)   M=EXMLBuilder ACBP=A9
 0001:00020B54 0000422C C=CODE     S=.text    G=(none)   M=ELogManager ACBP=A9
 0001:00024D80 00001320 C=CODE     S=.text    G=(none)   M=EListView ACBP=A9
 0001:000260A0 00007434 C=CODE     S=.text    G=(none)   M=EDisAsm  ACBP=A9
 0001:0002D4D4 00027B9C C=CODE     S=.text    G=(none)   M=ExceptionLog ACBP=A9
 0001:00055070 0000013E C=CODE     S=.text    G=(none)   M=Forms    ACBP=A9
 0001:000551B0 0000000E C=CODE     S=.text    G=(none)   M=HelpIntfs ACBP=A9
 0001:000551C0 00000026 C=CODE     S=.text    G=(none)   M=Contnrs  ACBP=A9
 0001:000551E8 0000000E C=CODE     S=.text    G=(none)   M=Math     ACBP=A9
 0001:000551F8 0000000E C=CODE     S=.text    G=(none)   M=MultiMon ACBP=A9
 0001:00055208 0000000E C=CODE     S=.text    G=(none)   M=ActnList ACBP=A9
 0001:00055218 0000000E C=CODE     S=.text    G=(none)   M=ImgList  ACBP=A9
 0001:00055228 00000038 C=CODE     S=.text    G=(none)   M=CommCtrl ACBP=A9
 0001:00055260 0000000E C=CODE     S=.text    G=(none)   M=Graphics ACBP=A9
 0001:00055270 0000000E C=CODE     S=.text    G=(none)   M=Consts   ACBP=A9
 0001:00055280 000000DE C=CODE     S=.text    G=(none)   M=Controls ACBP=A9
 0001:00055360 00000038 C=CODE     S=.text    G=(none)   M=Imm      ACBP=A9
 0001:00055398 0000000E C=CODE     S=.text    G=(none)   M=Menus    ACBP=A9
 0001:000553A8 0000000E C=CODE     S=.text    G=(none)   M=WinHelpViewer ACBP=A9
 0001:000553B8 0000000E C=CODE     S=.text    G=(none)   M=StdActns ACBP=A9
 0001:000553C8 0000000E C=CODE     S=.text    G=(none)   M=Dialogs  ACBP=A9
 0001:000553D8 00000038 C=CODE     S=.text    G=(none)   M=ShlObj   ACBP=A9
 0001:00055410 00000038 C=CODE     S=.text    G=(none)   M=UrlMon   ACBP=A9
 0001:00055448 00000038 C=CODE     S=.text    G=(none)   M=WinInet  ACBP=A9
 0001:00055480 00000038 C=CODE     S=.text    G=(none)   M=RegStr   ACBP=A9
 0001:000554B8 0000000E C=CODE     S=.text    G=(none)   M=Printers ACBP=A9
 0001:000554C8 00000038 C=CODE     S=.text    G=(none)   M=WinSpool ACBP=A9
 0001:00055500 0000000E C=CODE     S=.text    G=(none)   M=StdCtrls ACBP=A9
 0001:00055510 00000038 C=CODE     S=.text    G=(none)   M=CommDlg  ACBP=A9
 0001:00055548 00000038 C=CODE     S=.text    G=(none)   M=Dlgs     ACBP=A9
 0001:00055580 0000000E C=CODE     S=.text    G=(none)   M=ExtCtrls ACBP=A9
 0001:00055590 0000000E C=CODE     S=.text    G=(none)   M=StrUtils ACBP=A9
 0001:000555A0 0000000E C=CODE     S=.text    G=(none)   M=Clipbrd  ACBP=A9
 0001:000555B0 0000000E C=CODE     S=.text    G=(none)   M=FlatSB   ACBP=A9
 0001:000555C0 00000488 C=CODE     S=.text    G=(none)   M=frmMain  ACBP=A9
 0001:00055A48 0000027D C=CODE     S=.text    G=(none)   M=LearnDelphi ACBP=A9
 0002:00000000 00000018 C=DATA     S=.data    G=DGROUP   M=SysInit  ACBP=A9
 0002:00000018 00000014 C=DATA     S=.data    G=DGROUP   M=ELeaks   ACBP=A9
 0002:0000002C 00000908 C=DATA     S=.data    G=DGROUP   M=EConsts  ACBP=A9
 0002:00000934 00000044 C=DATA     S=.data    G=DGROUP   M=ECore    ACBP=A9
 0002:00000978 0000004C C=DATA     S=.data    G=DGROUP   M=EDebug   ACBP=A9
 0002:000009C4 000001A0 C=DATA     S=.data    G=DGROUP   M=EHook    ACBP=A9
 0002:00000B64 00000001 C=DATA     S=.data    G=DGROUP   M=ESockets ACBP=A9
 0002:00000B68 00000E5C C=DATA     S=.data    G=DGROUP   M=EZlib    ACBP=A9
 0002:000019C4 00000212 C=DATA     S=.data    G=DGROUP   M=EHash    ACBP=A9
 0002:00001BD8 000000C0 C=DATA     S=.data    G=DGROUP   M=EBase64  ACBP=A9
 0002:00001C98 00002B8C C=DATA     S=.data    G=DGROUP   M=EWebTools ACBP=A9
 0002:00004824 00000020 C=DATA     S=.data    G=DGROUP   M=EXMLBuilder ACBP=A9
 0002:00004844 00000020 C=DATA     S=.data    G=DGROUP   M=ELogManager ACBP=A9
 0002:00004864 000012D5 C=DATA     S=.data    G=DGROUP   M=EDisAsm  ACBP=A9
 0002:00005B3C 0000055C C=DATA     S=.data    G=DGROUP   M=ExceptionLog ACBP=A9
 0002:00007000 00000018 C=BSS      S=.bss     G=DGROUP   M=SysInit  ACBP=A9
 0002:00007018 00000004 C=BSS      S=.bss     G=DGROUP   M=Windows  ACBP=A9
 0002:0000701C 00000054 C=BSS      S=.bss     G=DGROUP   M=ELeaks   ACBP=A9
 0002:00007070 00000004 C=BSS      S=.bss     G=DGROUP   M=Messages ACBP=A9
 0002:00007074 00000004 C=BSS      S=.bss     G=DGROUP   M=ETypes   ACBP=A9
 0002:00007078 00000004 C=BSS      S=.bss     G=DGROUP   M=EConsts  ACBP=A9
 0002:0000707C 00000009 C=BSS      S=.bss     G=DGROUP   M=ECore    ACBP=A9
 0002:00007088 00000004 C=BSS      S=.bss     G=DGROUP   M=EDebug   ACBP=A9
 0002:0000708C 00000004 C=BSS      S=.bss     G=DGROUP   M=ShellAPI ACBP=A9
 0002:00007090 00000004 C=BSS      S=.bss     G=DGROUP   M=WinSock  ACBP=A9
 0002:00007094 00000010 C=BSS      S=.bss     G=DGROUP   M=EHook    ACBP=A9
 0002:000070A4 00000004 C=BSS      S=.bss     G=DGROUP   M=ELang    ACBP=A9
 0002:000070A8 00000004 C=BSS      S=.bss     G=DGROUP   M=ESockets ACBP=A9
 0002:000070AC 00002890 C=BSS      S=.bss     G=DGROUP   M=EZlib    ACBP=A9
 0002:0000993C 00000404 C=BSS      S=.bss     G=DGROUP   M=EHash    ACBP=A9
 0002:00009D40 0000001C C=BSS      S=.bss     G=DGROUP   M=EEncrypt ACBP=A9
 0002:00009D5C 00000004 C=BSS      S=.bss     G=DGROUP   M=EBase64  ACBP=A9
 0002:00009D60 00000004 C=BSS      S=.bss     G=DGROUP   M=EZip     ACBP=A9
 0002:00009D64 00000048 C=BSS      S=.bss     G=DGROUP   M=EWebTools ACBP=A9
 0002:00009DAC 00000004 C=BSS      S=.bss     G=DGROUP   M=EXMLBuilder ACBP=A9
 0002:00009DB0 00000004 C=BSS      S=.bss     G=DGROUP   M=ELogManager ACBP=A9
 0002:00009DB4 00000004 C=BSS      S=.bss     G=DGROUP   M=EListView ACBP=A9
 0002:00009DB8 00000004 C=BSS      S=.bss     G=DGROUP   M=EDisAsm  ACBP=A9
 0002:00009DBC 00000E80 C=BSS      S=.bss     G=DGROUP   M=ExceptionLog ACBP=A9
 0002:0000AC3C 00000004 C=BSS      S=.bss     G=DGROUP   M=CommCtrl ACBP=A9
 0002:0000AC40 00000004 C=BSS      S=.bss     G=DGROUP   M=Imm      ACBP=A9
 0002:0000AC44 00000004 C=BSS      S=.bss     G=DGROUP   M=ShlObj   ACBP=A9
 0002:0000AC48 00000004 C=BSS      S=.bss     G=DGROUP   M=UrlMon   ACBP=A9
 0002:0000AC4C 00000004 C=BSS      S=.bss     G=DGROUP   M=WinInet  ACBP=A9
 0002:0000AC50 00000004 C=BSS      S=.bss     G=DGROUP   M=RegStr   ACBP=A9
 0002:0000AC54 00000004 C=BSS      S=.bss     G=DGROUP   M=WinSpool ACBP=A9
 0002:0000AC58 00000004 C=BSS      S=.bss     G=DGROUP   M=CommDlg  ACBP=A9
 0002:0000AC5C 00000004 C=BSS      S=.bss     G=DGROUP   M=Dlgs     ACBP=A9
 0002:0000AC60 00000008 C=BSS      S=.bss     G=DGROUP   M=frmMain  ACBP=A9


  Address         Publics by Name

 0002:00000E2C       ..
 0001:00016318       ..
 0002:00000F58       ..
 0002:000090B0       ..
 0002:00000CBC       ..
 0002:00000C6C       ..
 0002:00000C18       ..
 0002:000070B0       ..
 0002:00000C00       ..
 0001:000128B0       ..
 0002:00000BF8       ..
 0001:000127E8       ..
 0002:00000BEC       ..
 0001:000123DC       ..
 0002:00000B90       ..
 0001:00010EC8       ..
 0002:00007070       .1
 0002:0000708C       .1
 0002:0000AC5C       .1
 0002:00007074       .1
 0002:0000993C       .1
 0002:00007090       .1
 0002:00007094       .1
 0002:00007034       .1
 0002:0000AC58       .1
 0002:00009D40       .1
 0002:00009D5C       .1
 0002:000070A4       .1
 0002:00007010       .1
 0002:0000AC50       .1
 0002:0000AC4C       .1
 0002:0000AC48       .1
 0002:0000AC44       .1
 0002:0000AC40       .1
 0002:0000AC3C       .1
 0002:00009DB4       .2
 0002:000070AC       .2
 0002:0000AC64       .2
 0002:00009DB8       .2
 0002:00009DE0       .21
 0002:0000AC54       .3
 0002:00009DAC       .3
 0002:00007018       .3
 0002:00009DB0       .3
 0002:00009D60       .3
 0002:000070A8       .4
 0002:00007080       .4
 0002:00007078       .5
 0002:00009D64       .7
 0002:00007088       .92
 0001:0001325C       @deflateInit2_
 0001:000124A8       @fill_fopen_filefunc
 0001:000003D0       @GetTls
 0001:000129E0       @get_crc_table
 0001:00014950       @inflateInit2_
 0001:00014398       @inflate_fast
 0001:00015EA8       @inflate_table
 0001:0000041C       @InitExe
 0001:00017518       @_tr_align
 0001:000177E4       @_tr_flush_block
 0001:0001631C       @_tr_init
 0001:0001745C       @_tr_stored_block
 0001:00047ADC       AccessViolationModuleInLongFormat
 0001:0003E500       ActicatePage
 0002:00009F58       ActivateEurekaLog
 0001:0001AD6C       AddAuthenticationToURL
 0001:0004DAF0       AddCallerCallStack
 0001:00042378       AddColor
 0001:0003A164       AddCustomHeadersToLog
 0001:0003A008       AddCustomHeaderToLog
 0001:0000FE98       AddDNS
 0002:00007030       AddLeak
 0001:00038D60       AddModule
 0001:0003307C       AddNewProcess
 0001:00033444       AddNewProcessEx
 0001:0000E1E0       AddrSize
 0001:0004694C       AddStr
 0001:00038EE0       AddToStack
 0001:000222FC       AddValueField
 0001:00010CE0       AddZipFile
 0001:0003E450       AdjustDialog
 0001:0003B930       AdjustFlatStyle
 0001:000124E0       adler32
 0001:00042F54       AfterScreenshot
 0001:00042C6C       AfterScreenshotToStream
 0002:0000704C       AllocatedList_End
 0002:00007044       AllocatedList_Lock
 0002:00007048       AllocatedList_Start
 0001:00000378       AllocTlsBuffer
 0002:00004804       AlphaNumerics
 0001:00039534       ApplicationRestore
 0001:00001540       AreTheSameLeak
 0001:00037DFC       ASMAssigned
 0002:00000A64       AsmConst
 0001:0003CECC       AssemblerDialogProc
 0001:0002EFB0       AssemblerToRTF
 0001:00040934       AssignOnCloseData
 0001:0003A978       AssignPriority
 0001:00040794       AssignRequestData
 0001:0000D9D0       AssignValidDebugInfo
 0001:00043D9C       AttachedFile
 0001:00043FF8       AttachedFiles
 0002:00009DD4       AttachedFilesRequest
 0001:00049688       AttrToString
 0002:00009F60       AutoCloseTimer
 0001:00039EDC       AutoCloseTimerProc
 0001:00019104       Base64Decode
 0001:000191E4       Base64DecodeStr
 0001:0001924C       Base64DecodeString
 0001:00019048       Base64Encode
 0001:00043974       Base64EncodeFromFile
 0001:00019198       Base64EncodeStr
 0001:00019244       Base64EncodeString
 0001:00019254       Base64EncodeToString
 0001:00000870       BeginPaint
 0001:0000766C       BinToStr
 0001:00000778       BitBlt
 0001:000464DC       BlockingSendInternetMessage
 0002:0000001C       BlockOverFoot
 0002:00000018       BlockOverHead
 0001:000336D8       BuildListPS
 0001:000335A0       BuildListTH
 0002:00005B24       ByteRegs1
 0002:00005B28       ByteRegs2
 0001:000424E0       BytesPerScanline
 0001:00041F4C       BytesSwap
 0002:0000A15C       Cached_LogFile
 0001:000515EC       CalcAddr
 0001:00041F7C       CalcCRC
 0001:00019010       CalcDecodedSize
 0001:00035F1C       CalcDuplicatedException
 0001:00018FE4       CalcEncodedSize
 0001:0000E53C       CalculateRelocatedAsmSize
 0001:00037018       CallAttachedFilesRequest
 0001:00037088       CallAttachedFilesRequestEvents
 0001:000371BC       CallCustomButtonClickEvent
 0001:00037228       CallCustomButtonClickEvents
 0001:00036F48       CallCustomDataRequest
 0001:00036FB8       CallCustomDataRequestEvents
 0001:000370EC       CallCustomWebFieldsRequest
 0001:0003715C       CallCustomWebFieldsRequestEvents
 0001:00000BFC       CallerOfReallocMem
 0001:00051B3C       CallEurekaLog
 0001:00036C4C       CallExceptionActionNotify
 0001:00049F94       CallExceptionActionNotify_atSavedLogFile
 0001:00049F70       CallExceptionActionNotify_atSavingLogFile
 0001:0004531C       CallExceptionActionNotify_atSendingEmail
 0001:00045364       CallExceptionActionNotify_atSendingWebMessage
 0001:00045340       CallExceptionActionNotify_atSentEmail
 0001:00045388       CallExceptionActionNotify_atSentWebMessage
 0001:0004A254       CallExceptionActionNotify_atShowedExceptionInfo
 0001:0004A230       CallExceptionActionNotify_atShowingExceptionInfo
 0001:00041884       CallExceptionActionNotify_atTerminating
 0001:00036DC0       CallExceptionErrorNotify
 0001:00049FB8       CallExceptionErrorNotify_atSavedLogFile
 0001:000453AC       CallExceptionErrorNotify_atSentEmail
 0001:000453D0       CallExceptionErrorNotify_atSentWebMessage
 0001:00036A54       CallExceptionNotify
 0001:00036AC0       CallExceptionNotifyEvents
 0002:00006064       CallFromCOMObject
 0001:00036B24       CallHandledExceptionNotify
 0001:00036B90       CallHandledExceptionNotifyEvents
 0001:00036FC4       CallModuleEvent_AttachedFilesRequest
 0001:00037168       CallModuleEvent_CustomButtonClickNotify
 0001:00036EF4       CallModuleEvent_CustomDataRequest
 0001:00037094       CallModuleEvent_CustomWebFieldsRequest
 0001:00036B9C       CallModuleEvent_ExceptionActionNotify
 0001:00036D14       CallModuleEvent_ExceptionErrorNotify
 0001:00036A04       CallModuleEvent_ExceptionNotify
 0001:00036ACC       CallModuleEvent_HandledExceptionNotify
 0001:00037234       CallModuleEvent_PasswordRequest
 0001:00036E88       CallPasswordRequest
 0001:000391C4       CallStackByAddresses
 0001:0003D398       CallStackDialogProc
 0001:0004A278       CallWriteIntraWebText
 0001:000501A4       Call_HookedExceptionObject
 0001:0004FF40       Call_HookedRaise
 0001:000501D0       Call_HookedRtlUnwind
 0001:00041AF0       CalsCoordinates
 0002:00009F11       CanAttachScreenshot
 0002:00009F0D       CanAttachScreenshot_Show
 0001:000514B0       CanCallUnhandledException
 0002:00009F12       CanCopy
 0002:00009F0E       CanCopy_Show
 0001:00037BE0       CanExit
 0002:00009ED5       CanHookLibraries
 0002:00006038       CannotProcessMessagesExceptions
 0002:0000A0E0       CannotUseThread
 0001:0004DB64       CanPauseThisThread
 0002:00009F0C       CanSendError_Show
 0002:00009F10       CanSendMessage
 0002:00009F0F       CanSupport_Show
 0002:0000A18C       CaptionFontName
 0002:0000A3C8       CAPTION_HEIGHT
 0002:00001C18       cBase64Codec
 0002:00001BD8       cBase64Codec
 0001:0003B398       CenterOnActiveWndMonitor
 0001:00039E60       CenterWindow
 0002:00009E90       CGIHandleException
 0002:00009E3C       CGIOutputFile
 0001:000539EC       ChangeFinalizationOrder
 0001:000408A8       ChangeLogUserEmail
 0002:00004844       chars
 0001:000542E8       CheckCrc32
 0001:000068C0       CheckDirectoryExists
 0001:0001ACD8       CheckError
 0001:0000EB10       CheckFail
 0001:000537F4       CheckForMemoryLeaks
 0001:00034BC8       CheckForResult
 0001:0000670C       CheckIntoIDE
 0001:00006630       CheckKey
 0001:0002DFFC       CheckMagicCode
 0001:00001290       CheckOurPointer
 0001:00031B00       ClearInternalError
 0002:0000A331       ClickLinkActive
 0001:0002568C       ClickOnSign
 0001:0002FE4C       CloneObject
 0001:00000878       CloseClipboard
 0001:000004D8       CloseHandle
 0001:00035F00       CloseLogFile
 0001:0002DFA0       ClosePrinter
 0001:00043CC0       CloseSendDialog
 0001:0000DB78       closesocket
 0001:00010EA0       CloseZipFile
 0002:00009E98       CLXHandleException
 0002:00009E9C       CLXShowException
 0002:00006080       ColIdx
 0002:0000A364       ColWidths
 0001:00000780       CombineRgn
 0001:00055258       CommCtrl
 0001:00055540       CommDlg
 0001:00042BB0       CommonSaveToStream
 0001:00037FC0       CompareEurekaFunctions
 0001:00032B48       CompareModulesFunctions
 0001:00032ED4       CompareProcessesFunctions
 0001:0004850C       CompleteIP
 0001:0001C988       CompleteNumber
 0001:00021514       CompleteStr
 0001:0002E598       CompleteStr
 0001:000496DC       CompleteString
 0001:0001829C       Compress
 0001:0001289C       compressBound
 0001:000091AC       ComputerName
 0001:0002F94C       ComputerName
 0001:0000DB80       connect
 0001:00005F48       ConvertAddress
 0001:00000E90       ConvertAddress
 0001:00020C6C       ConvertNotDosText
 0001:0001978C       ConvertSpecialHTMLChars
 0001:00000AB0       CopyMemory
 0001:00000880       CopyRect
 0001:00037528       CopyStrings
 0001:00001B90       CountAllLeaks
 0001:0003E224       CPUDialogProc
 0001:0002F34C       CPUToRTF
 0002:000019C4       Crc16Tab
 0001:000129F4       crc32
 0002:00009940       crc_table
 0002:00001BC4       crc_table_computed
 0001:000426F4       Create8bitBitmap
 0001:00000788       CreateBitmap
 0001:00000790       CreateCompatibleBitmap
 0001:00000798       CreateCompatibleDC
 0001:00000AE8       CreateDialog
 0001:00039AF4       CreateDialogFonts
 0001:00000888       CreateDialogParam
 0001:000007A0       CreateDIBSection
 0001:0003AC2C       CreateExceptionReport
 0001:000004E0       CreateFile
 0001:000004E8       CreateFileMapping
 0001:000007A8       CreateFont
 0001:000007B0       CreateFontIndirect
 0001:0004A284       CreateGeneralText
 0001:00033FB8       CreateHTMLByLayout
 0001:00036634       CreateHTMLFile
 0001:0003AF10       CreateLeakReport
 0001:0004B510       CreateLogText
 0001:000102BC       CreateMXQuery
 0001:00042314       CreateOctreeNode
 0001:000007B8       CreatePalette
 0001:000004F0       CreateProcess
 0001:000007C0       CreateRectRgn
 0001:000007C8       CreateRectRgnIndirect
 0001:000007D0       CreateSolidBrush
 0001:00034390       CreateTemplateFile
 0001:0003B0B0       CreateThreadStr
 0001:00044E1C       CreateTmpLogFile
 0001:00030310       CreateVirtualFile
 0001:00036700       CreateXMLLogCopy
 0001:00010C4C       CreateZipFile
 0001:000453F4       CreateZIPFile
 0001:00052CE8       Create_EurekaLogUnitsList
 0002:00000934       CriticalError
 0002:0000605C       CriticalExceptObject
 0002:00009EC4       CurrentAsmErrorLine
 0002:00009ECC       CurrentAsmErrorText
 0002:00009ED0       CurrentCPUErrorText
 0002:00009F64       CurrentDialog
 0001:00051660       CurrentEurekaLogOptions
 0002:00009EC8       CurrentGeneralErrorText
 0002:00009E38       CurrentOptions
 0002:00009F7C       CurrentProcessWindowsList
 0002:00009F30       CurrentRequestValue
 0002:00006048       CurrentStackList
 0002:00009DDC       CustomButtonClickNotify
 0002:00009DD0       CustomDataRequest
 0002:00009EFC       CustomExceptMessage
 0002:00009DD8       CustomWebFieldsRequest
 0002:00009D44       CV
 0002:00009F78       DbgSection
 0002:0000A0B8       DebugHook_Assigned
 0001:0004699C       DebugToStr
 0001:0000AF68       DecodeNameString
 0001:00018EE8       Decrypt
 0001:0001382C       deflate
 0001:00013AF0       deflateEnd
 0001:00013240       deflateInit_
 0001:00000890       DefWindowProc
 0001:000004F8       DeleteCriticalSection
 0001:000007D8       DeleteDC
 0001:00045564       DeleteExtraFiles
 0001:00000500       DeleteFile
 0001:000007E0       DeleteObject
 0001:00042220       DeleteTree
 0001:0003047C       DeleteVirtualFile
 0001:00039D3C       DestroyDialogFonts
 0001:00000898       DestroyWindow
 0002:0000A3A4       DetailsActive
 0001:0003B970       DetailsState
 0001:000008A0       DialogBoxParam
 0002:0000A3B0       DialogHeight
 0002:0000A0C8       DialogType
 0002:00000938       Digits
 0001:0003436C       DirectoryExists
 0001:00002664       DisableMemoryLeaksCheck
 0001:000008A8       DispatchMessage
 0001:00055578       Dlgs
 0001:000397AC       DlgTemplate
 0002:0000709C       DllList
 0001:0000EFE4       Done
 0001:00002850       Done
 0001:000094E8       Done
 0001:00054BFC       Done
 0001:000106F0       Done
 0001:000529D0       DoneCheckFreeze
 0002:00009E8C       DoneExcept
 0001:000539A0       DoneExceptAddr
 0001:0001A7B4       DoneLib
 0001:000023F0       DoneShareMem
 0001:00024E50       DrawBmp
 0001:000259D4       DrawBottom
 0001:000406C4       DrawButton
 0001:00040558       DrawClickHere
 0001:000404D4       DrawControl
 0001:00025960       DrawFrame
 0001:000008B0       DrawIconEx
 0001:00025A7C       DrawItem
 0001:00025A28       DrawLine
 0001:0003E7E0       DrawSupportLink
 0001:000008B8       DrawText
 0002:00009F13       DuplicatedException
 0001:00000508       DuplicateHandle
 0001:000192B8       EBase64
 0001:000056F0       EConsts
 0001:00009540       ECore
 0001:0000DB30       EDebug
 0001:0002D4CC       EDisAsm
 0001:00018FDC       EEncrypt
 0001:00018C88       EHash
 0001:0000F0E0       EHook
 0001:000211A4       ElaborateString
 0001:0001AF98       ElaborateURL
 0001:0001B100       ElaborateWebPage
 0001:0000F1F0       ELang
 0001:00002910       ELeaks
 0001:00026098       EListView
 0001:00024D78       ELogManager
 0001:000008C0       EmptyClipboard
 0002:00000034       EMsgs
 0001:000024D8       EnableMemoryLeaksCheck
 0001:000008C8       EnableWindow
 0001:00042144       Encode
 0002:00004824       EncodedChars
 0001:00044F80       EncodeURL
 0001:000008D0       EndDialog
 0001:000008D8       EndPaint
 0001:00000510       EnterCriticalSection
 0001:0002DF90       EnumPrinters
 0001:00000518       EnumSystemLocales
 0001:000008E0       EnumWindows
 0001:00031E00       EnumWindowsProc
 0001:00031DA8       EnumWindowsProc
 0001:00031F10       EnumWindowsProc
 0001:0000A4B4       Eof
 0001:00043020       Error
 0001:000022B8       Error
 0002:0000080C       EShowOptions
 0001:00010750       ESockets
 0001:00002DAC       ETypes
 0002:0000002C       EurekaLogCurrentVersion
 0002:00009F2C       EurekaLogList
 0001:000438D0       EurekaLogSendEmail
 0002:00005B40       EurekaLogUnits
 0002:00009F54       EurekaLogUnitsList
 0001:000379F4       EurekaLog_AttachedFilesRequestEvent
 0001:00050804       EurekaLog_CallCreateThread
 0001:0005005C       EurekaLog_CallExceptObject
 0001:0005093C       EurekaLog_CallExitThread
 0001:0004FF0C       EurekaLog_CallGeneralRaise
 0001:00050898       EurekaLog_CallResumeThread
 0001:00037B3C       EurekaLog_CustomButtonClickEvent
 0001:00037950       EurekaLog_CustomDataRequestEventEx
 0001:00037A98       EurekaLog_CustomWebFieldsRequestEvent
 0001:00037808       EurekaLog_ExceptionActionNotifyEvent
 0001:000378AC       EurekaLog_ExceptionErrorNotifyEvent
 0001:000376C0       EurekaLog_ExceptionNotifyEvent
 0001:00037764       EurekaLog_HandledExceptionNotifyEvent
 0001:000375AC       EurekaLog_PasswordRequestEvent
 0001:000375F0       EurekaLog_PasswordRequestEventEx
 0002:00000594       EVals
 0002:000008CC       EVariablesOptions
 0001:000205A4       EWebTools
 0002:00009DC4       ExceptionActionNotify
 0002:00009E0C       ExceptionCriticalSection
 0002:00009DC8       ExceptionErrorNotify
 0001:000310BC       ExceptionLine
 0001:00055004       ExceptionLog
 0001:00051D1C       ExceptionManager
 0002:00009DBC       ExceptionNotify
 0002:00009E44       ExceptionNumber
 0002:00009F6C       ExceptionsTime
 0002:00009F70       ExceptionTime
 0001:000348F4       ExceptionTypeByAddr
 0001:0004F5AC       ExceptNotify
 0001:000467C4       ExceptNotifyAfter1
 0001:000468C0       ExceptNotifyAfter2
 0001:000468D4       ExceptNotifyAfter3
 0001:00000520       ExitThread
 0001:00020B4C       EXMLBuilder
 0001:00005A18       ExpandEnvVars
 0001:00038044       ExportedFunctions
 0001:00035A94       ExtractDebugData
 0001:00000B88       ExtractFileName
 0001:000521A4       ExtractGZipStream
 0001:00036070       ExtractList
 0001:00035604       ExtractStr
 0001:000063FC       ExtractStringsEx
 0001:0003AA60       ExtractThreadByList
 0001:00022814       ExtractValue
 0001:00019448       EZip
 0001:0001818C       EZlib
 0002:0000A168       fActive
 0002:00006078       fActivePage
 0002:0000A184       fBigFont
 0002:0000A16C       fCaptionFont
 0002:0000A160       fDlgBack
 0001:00049A1C       FetchStr
 0002:0000A174       fFixedFont1
 0002:0000A178       fFixedFont2
 0001:00000528       FileTimeToDosDateTime
 0001:00000530       FileTimeToLocalFileTime
 0001:0003688C       FillAttachedList
 0001:000008E8       FillRect
 0001:00032F90       FillThreadsCount
 0001:00020554       Finalization
 0001:000554C8       Finalization
 0001:00020B1C       Finalization
 0001:00026068       Finalization
 0001:0000DA94       Finalization
 0001:00055A10       Finalization
 0001:00055A48       Finalization
 0001:000028D8       Finalization
 0001:0000DB40       Finalization
 0001:00002B2C       Finalization
 0001:00055548       Finalization
 0001:00002D7C       Finalization
 0001:0000DBE0       Finalization
 0001:0000566C       Finalization
 0001:000094EC       Finalization
 0001:00019418       Finalization
 0001:00019288       Finalization
 0001:00018FAC       Finalization
 0001:0002D430       Finalization
 0001:00024D48       Finalization
 0001:00000460       Finalization
 0001:00018C58       Finalization
 0001:00000B00       Finalization
 0001:0001815C       Finalization
 0001:0000F08C       Finalization
 0001:00055448       Finalization
 0001:0000F1C0       Finalization
 0001:00055410       Finalization
 0001:000553D8       Finalization
 0001:00055360       Finalization
 0001:00055228       Finalization
 0001:00054E54       Finalization
 0001:00055480       Finalization
 0001:00055510       Finalization
 0001:000106F8       Finalization
 0002:00007024       FinalizationProc
 0001:00000538       FindClose
 0001:00044D9C       FindEOFLine
 0001:0001ABC8       FindErrorMessage
 0001:0004A1DC       FindException
 0001:00000540       FindFirstFile
 0001:00033234       FindFullPath
 0001:000359F4       FindFunction
 0001:0002E010       FindHandled
 0001:0000160C       FindLeakAddress
 0001:0000181C       FindLeakClassName
 0001:00001564       FindLeakSons
 0001:00054224       FindMainInstance
 0001:00032304       FindModuleType
 0001:000014C0       FindNextValidLeak
 0001:0000A624       FindParam
 0001:00032EDC       FindProcess
 0001:00000548       FindResource
 0001:000249BC       FindSection
 0001:0001A328       FindSelected
 0001:000008F0       FindWindow
 0002:0000A190       FixedFontName1
 0002:0000A194       FixedFontName2
 0002:0000A188       FixedFontSize
 0002:0000A3CC       FixedTmpOptionsFile
 0002:0000A17C       fLinkFont
 0002:0000A180       fLinkFont2
 0002:0000A30C       fListViewItems
 0002:00005224       FloatingPointOpcodes
 0001:00000550       FlushInstructionCache
 0002:0000A164       fMemoBack
 0002:0000A2EC       fMonitor
 0002:0000A2F4       fMonitorInfo
 0001:00051C68       ForceApplicationTermination
 0002:0000AC60       Form1
 0001:00049EB0       FormatComplete
 0001:0000D490       FormatProcName
 0001:000008F8       FrameRect
 0001:00001B64       FreeAllLeaks
 0001:0002FE80       FreeClonedObject
 0001:00000558       FreeLibrary
 0001:0002E280       FreeOutOfMemoryCache
 0001:00042FE4       FreeScreenshot
 0002:00009ED8       FreezeThread
 0001:00055A40       frmMain
 0002:0000A2F0       fSendBmp
 0002:00009D98       FtpOpenFile
 0001:0001FF84       FTPUploadFiles
 0002:0000A170       fVariableFont
 0001:0003E01C       GeneralDialogProc
 0001:0004FCEC       GeneralRaise
 0001:0002EB4C       GeneralToRTF
 0001:0005184C       GenerateCallStack
 0001:00045F18       GenerateCustomWebFieldsString
 0001:00034248       GenerateHTML
 0001:0001F3D8       GenerateMultipartBoundary
 0001:0001B840       GenerateMultipartBoundary
 0001:0001F508       GenerateRequestBody
 0001:0001B994       GenerateRequestBody
 0001:00000560       GetACP
 0001:000476BC       GetActiveControlClass
 0001:000476D4       GetActiveControlText
 0001:000475DC       GetActiveFormClass
 0001:00047628       GetActiveFormText
 0001:0003B118       GetActiveMonitorData
 0001:00048648       GetAdapterInfo
 0001:00032F5C       GetAllocatedMemory
 0001:000481D8       GetApplicationName
 0001:00031E78       GetApplicationRect
 0001:000475BC       GetApplicationUpTime
 0001:0000E348       GetAsmSize
 0001:000395A8       GetBaseOfStack
 0001:0004063C       GetBottonWidth
 0001:00000AE4       GetBValue
 0001:00039484       GetCallStackByAddresses
 0001:00030DA8       GetCallStackDump
 0001:00000900       GetClassInfo
 0001:00000908       GetClassName
 0001:00025EE8       GetColumnAlign
 0001:00025EBC       GetColumnCount
 0001:00000568       GetCommandLine
 0001:000498F4       GetCompanyName
 0001:00047560       GetCompilationDate
 0001:0002E620       GetCompleteTimeStr
 0001:00000570       GetComputerName
 0001:0004F0B0       GetControlClass
 0001:0004F108       GetControlText
 0001:00018238       GetCRC16
 0001:000181F0       GetCRC32
 0001:000007E8       GetCurrentObject
 0001:00049CD4       GetCurrentPrinterHandle
 0001:00000578       GetCurrentProcess
 0001:00000580       GetCurrentProcessId
 0001:000395B0       GetCurrentStackPointer
 0001:00051D14       GetCurrentStackPointer
 0001:00000588       GetCurrentThread
 0001:00000590       GetCurrentThreadId
 0001:0002FEA0       GetCurrentTopOfStack
 0001:0004971C       GetCurrentUserPrivileges
 0001:00000910       GetCursor
 0001:00000918       GetCursorPos
 0001:00001398       GetDataCaller
 0001:00000920       GetDC
 0001:00038EA0       GetDebugDetail
 0001:00046A3C       GetDebugInfoEx
 0001:00035D8C       GetDebugInfosByAddr
 0001:000357E0       GetDebugPartialInfo
 0001:00049AB0       GetDefaultPrinter
 0001:00000928       GetDesktopWindow
 0001:000007F8       GetDeviceCaps
 0001:0003E42C       GetDialogState
 0001:000007F0       GetDIBits
 0001:00047F9C       GetDiskInfo
 0001:00049630       GetDisplayDPI
 0001:0004846C       GetDisplayMode
 0001:00000930       GetDlgItem
 0001:0000FEBC       GetDNSList
 0001:00010078       GetDomain
 0001:000101E4       GetDomainName
 0001:0004B1F8       GetDump
 0001:0004AF38       GetEAX
 0001:0004AF90       GetEBX
 0001:0004AFE8       GetECX
 0001:0004B0F0       GetEDI
 0001:0004072C       GetEditText
 0001:0004B040       GetEDX
 0001:00037DF4       GetEF
 0001:0002BE4C       GetEffectiveAddress
 0001:0004B1A0       GetEIP
 0001:0004B468       GetEmptySection
 0001:00000598       GetEnvironmentVariable
 0001:000059AC       GetEnvVariable
 0001:0004B098       GetESI
 0001:00030D98       GetESP
 0001:0004B148       GetESP
 0001:00038504       GetEurekaLogModuleVersion
 0001:000478D0       GetExceptionAddress
 0001:000478B8       GetExceptionDate
 0001:00047DA8       GetExceptionMessage
 0001:00047904       GetExceptionModuleName
 0001:000479C4       GetExceptionModuleVersion
 0001:00047A38       GetExceptionType
 0001:000396BC       GetExceptMessage
 0001:000005A0       GetExitCodeProcess
 0001:000005A8       GetExitCodeThread
 0001:00019BC8       GetFieldValue
 0001:000005B0       GetFileAttributes
 0001:0001AB5C       GetFileContents
 0001:0001F49C       GetFileContents
 0001:00010CA4       GetFileSize
 0001:00032B14       GetFileSize
 0001:0001FF48       GetFileSize
 0001:00048B14       GetFileVersionEx
 0001:00000760       GetFileVersionInfo
 0001:00000768       GetFileVersionInfoSize
 0001:00000938       GetFocus
 0001:00000940       GetForegroundWindow
 0001:00000F08       GetFramesCallStackDump
 0001:00048080       GetFreeDisk
 0001:00047F0C       GetFreeMemory
 0001:00046D04       GetFunctionAsm
 0001:0000E480       GetFunctionSize
 0001:000066C4       GetGMT
 0001:00000AE0       GetGValue
 0001:000005B8       GetHandleInformation
 0001:0000DBB0       gethostbyname
 0001:0000DBB8       gethostname
 0001:0001B1B8       GetHTTPResponse
 0001:0001F7DC       GetHTTPResponse
 0001:00000948       GetIconInfo
 0001:0000D7B0       GetImageNtHeaders
 0001:00048D08       GetIndexKeyName
 0001:0004F9B8       GetIntraWebExceptionType
 0001:00024E28       GetItemRect
 0001:0003D34C       GetItemText
 0001:0004786C       GetLanguageString
 0001:000005C0       GetLastError
 0001:000015C0       GetLeakCount
 0001:0001A538       GetListDefault
 0001:0001A1B4       GetListValue
 0001:00047740       GetLocaleDataA
 0001:00047700       GetLocaleDataW
 0001:000005D0       GetLocaleInfo
 0001:000005D8       GetLocaleInfoA
 0001:000005E0       GetLocaleInfoW
 0001:000005C8       GetLocalTime
 0001:00006024       GetLongNameFromShort
 0001:00031DE0       GetMainWindow
 0001:00000800       GetMapMode
 0001:00018B58       GetMD5
 0001:00005F80       GetModifiedDate
 0001:00010B48       GetModifiedDate
 0001:000326D4       GetModuleDescriptionAndVersion
 0001:000005E8       GetModuleFileName
 0001:00000358       GetModuleHandle
 0001:000005F0       GetModuleHandle
 0001:000324C8       GetModulePath
 0001:000325A4       GetModuleSize
 0001:00032E44       GetModulesList
 0001:00032CB4       GetModulesWin9X
 0001:00032B50       GetModulesWinNT
 0001:00032634       GetModuleVer
 0001:000369B0       GetModule_ProcedureEvent
 0001:0003B374       GetMonitorWorkAreaFromActiveWnd
 0001:0003B350       GetMonitorWorkAreaFromWnd
 0001:0003B26C       GetMonitorWorkAreaFromWndEx
 0001:000103E4       GetMXBestRecord
 0001:00010344       GetMXRecord
 0001:000104D4       GetMXServerFromEmail
 0001:00048990       GetNetworkData
 0001:00049A50       GetNTDefPrinter
 0001:00000808       GetObject
 0001:000013AC       GetObjectCaller
 0001:00042684       GetOptimizedPalette
 0001:0001A414       GetOptionsDefault
 0001:00002274       GetOptionsFromExeFile
 0001:00019FB4       GetOptionsValue
 0001:00030980       GetOSBuild
 0001:000478A0       GetOSCharset
 0001:00047894       GetOSLanguage
 0001:0003069C       GetOSType
 0001:000476EC       GetOSUpdate
 0001:0002E264       GetOutOfMemoryCache
 0001:0004225C       GetPaletteColors
 0001:000474BC       GetParameters
 0001:00038854       GetPassword
 0001:00000810       GetPixel
 0001:0002DFA8       GetPrinterDriver
 0001:00049D48       GetPrinterStr
 0001:000005F8       GetPriorityClass
 0001:00000600       GetPrivateProfileString
 0001:00000608       GetProcAddress
 0001:00033738       GetProcessesList
 0001:0004828C       GetProcessor
 0001:00032A80       GetProcessThreads
 0001:00005B14       GetProfileFolder
 0001:00000610       GetProfileString
 0001:00000F80       GetRawCallStackDump
 0001:000021D8       GetRawOptions
 0001:00005EA8       GetReadableSize
 0001:00000C10       GetReadableSize
 0001:0003619C       GetRealFileName
 0001:0002B7F4       GetRefAddress
 0001:0002B954       GetRegName
 0001:00002190       GetResourceData
 0001:000349D8       GetResourceData
 0001:00000ADC       GetRValue
 0001:00034D20       GetSourceInfoByAddr
 0001:0004B3D8       GetStack
 0001:000481C0       GetStartDate
 0001:00000618       GetStartupInfo
 0001:00000818       GetStockObject
 0001:00035490       GetSymbolAddr
 0001:00000950       GetSysColor
 0001:00000620       GetSystemDefaultLangID
 0001:00000958       GetSystemMetrics
 0001:00000820       GetSystemPaletteEntries
 0001:00000628       GetSystemTime
 0001:00048430       GetSystemUpTime
 0001:0001997C       GetTagValue
 0001:00000630       GetTempPath
 0001:00019DA8       GetTextAreaValue
 0001:00000828       GetTextExtentPoint32
 0001:0003A318       GetTextHeight
 0001:0003A470       GetTextWidth
 0001:00000638       GetThreadContext
 0001:0003AAFC       GetThreadData
 0001:0004F940       GetThreadParams
 0001:00000640       GetThreadPriority
 0001:00000648       GetTickCount
 0001:00000384       GetTlsSize
 0001:00000498       GetTokenInformation
 0001:00030DA0       GetTopOfStack
 0001:00048120       GetTotalDisk
 0001:00047E7C       GetTotalMemory
 0001:000498E0       GetUserEmail
 0001:000004A0       GetUserName
 0001:00005BD0       GetUserPath
 0001:0001B904       GetValueFromIndex
 0001:00032AB8       GetVersionNumber
 0001:00048ED8       GetVideoCardStr
 0001:0000DF4C       GetVirtualMethod
 0001:00031C4C       GetWindowClassName
 0001:00000960       GetWindowDC
 0001:00000968       GetWindowLong
 0001:00000970       GetWindowPlacement
 0001:00000978       GetWindowRect
 0001:00000650       GetWindowsDirectory
 0001:00000980       GetWindowText
 0001:00000988       GetWindowThreadProcessId
 0001:00006900       GetWorkingFile
 0001:00000658       GlobalAlloc
 0001:00000660       GlobalFree
 0001:00000668       GlobalLock
 0001:00000670       GlobalMemoryStatus
 0002:0000A7CC       GlobalSendValues
 0001:00000678       GlobalUnlock
 0002:0000A144       Global_AttachedFiles
 0002:0000A0EB       Global_CloseDialog
 0002:0000A138       Global_CurrentEvent
 0002:0000A14C       Global_DataFields
 0002:0000A110       Global_ExceptionRecord
 0002:0000A0E8       Global_Execute
 0002:0000A0E9       Global_Handled
 0002:00006070       Global_IntoHandleException
 0002:0000A154       Global_IntraWebText
 0002:0000A140       Global_LastInitPassword
 0002:0000A150       Global_Module
 0002:0000A13C       Global_Password
 0002:0000A0EA       Global_Retry
 0002:0000A148       Global_WebFields
 0002:0000A158       Global_WebTextID
 0001:0004FB80       GoNotify
 0002:00005064       GroupsOpcodes
 0002:000051A4       GroupsOperands
 0001:0005389C       HandleAnyExceptionAddr
 0002:00009E48       HandleAnyExceptionAddr_Variable
 0001:00001BB8       HandleAnyLeak
 0001:00053940       HandleAutoExceptionAddr
 0002:00009E50       HandleAutoExceptionAddr_Variable
 0001:000258EC       HandleBackgroundState
 0002:00009FB0       HandledCache
 0002:00009FAC       HandledCacheCount
 0002:0000A0A0       HandledCacheCriticalSection
 0002:00009DC0       HandledExceptionNotify
 0001:00001370       HandleError
 0001:000538E8       HandleOnExceptionAddr
 0002:00009E4C       HandleOnExceptionAddr_Variable
 0001:00031C10       HasWindowASize
 0002:0000700C       HInstance
 0001:00000AAC       HiWord
 0001:00037D58       HookBPLProcedureByAddr
 0001:00037DCC       HookBPLProcedureBySymbol
 0001:0000EB74       HookDllProcedure
 0001:0005095C       HookedCreateThread
 0001:000501AC       HookedExceptionObject
 0001:0005037C       HookedExceptProc
 0001:00050DD4       HookedExitThread
 0001:00050EC4       HookedHttpExtensionProc
 0002:000070A0       HookedMethodsList
 0002:00007098       HookedProcedures
 0001:0005003C       HookedRaise
 0001:00050BB8       HookedResumeThread
 0001:000505A0       HookedRTLThreadProc
 0001:000502C4       HookedRtlUnwind
 0001:00050448       HookedThreadExecute
 0001:000506D0       HookedThreadProc
 0001:00050E90       HookedWriteClientProc
 0001:000502EC       HookedWriteFile
 0001:00051E58       Hooked_CGIHandleServerException
 0001:00051F6C       Hooked_CLXHandleException
 0001:00051F9C       Hooked_CLXShowException
 0001:0005263C       Hooked_DoneExcept
 0001:0005260C       Hooked_IndyThreadHandleException
 0001:00051FF0       Hooked_IntraWebCreateServer
 0001:000522EC       Hooked_IntraWebSendResponse
 0001:00051E88       Hooked_ISAPIHandleServerException
 0001:00052558       Hooked_NTServiceLogMessage
 0001:00051EB8       Hooked_VCLHandleException
 0001:00051F2C       Hooked_VCLShowException
 0001:000541F4       HookingModuleName
 0001:00054218       HookingRTLModuleName
 0001:00053B98       HookLastFInit
 0001:00053B10       HookLastInit
 0001:0000E75C       HookProcedure
 0001:0000E870       HookProcedureEx
 0001:00037CC0       HookSymbolProcedure
 0001:0000DF98       HookVirtualMethod
 0001:00053BA8       Hook_InitializationAndFinalization
 0001:00053D44       Hook_OnExceptionEvents
 0001:00043CFC       HostName
 0002:000036E0       HTMLChars
 0002:000033E0       HTMLDelimiters
 0001:0000DB88       htons
 0002:00009D74       HttpAddRequestHeaders
 0002:00009D84       HttpEndRequest
 0002:00009D70       HttpOpenRequest
 0002:00009D88       HttpQueryInfo
 0002:00009D78       HttpSendRequest
 0002:00009D7C       HttpSendRequestEx
 0001:0001FA90       HTTPUploadFiles
 0002:00006088       IDATHeader
 0001:000420FC       IDATWrite
 0002:0000A0DC       IDC_CURSOR
 0001:0002E3E8       ifelseStr
 0001:0002E460       ifStr
 0002:00006094       iLevel
 0001:000250E0       ImageList_Add
 0001:000250D8       ImageList_Create
 0001:000250E8       ImageList_Destroy
 0001:00055390       Imm
 0001:00046BA4       ImmidiateDataProc
 0002:00009F50       InactiveThreads
 0001:00008FC0       IncludeLastBackslash
 0002:00009F80       IndyHooked
 0002:00009E88       IndyThread_HandleException
 0002:00009E6C       Indy_OnException
 0001:00014C54       inflate
 0001:00015B0C       inflateEnd
 0001:00010874       InflateInit
 0001:00014A1C       inflateInit_
 0001:00014894       inflateReset
 0001:00005C50       IniDir
 0001:000094DC       Init
 0001:000106E8       Init
 0001:0000EFB0       Init
 0001:00002684       Init
 0001:000543EC       Init
 0001:00052924       InitCheckFreeze
 0001:00042000       InitDeflate
 0001:00000680       InitializeCriticalSection
 0002:00006050       Initialized
 0002:00000B64       Initialized
 0001:00000410       InitializeModule
 0001:00018E48       InitKey
 0001:0001A7CC       InitLib
 0001:0004283C       InitScreenshot
 0001:000022FC       InitShareMem
 0001:0000038C       InitThreadTLS
 0001:0003B3EC       InsertColumn
 0001:0002E168       InsertHandled
 0002:00007058       InstallNewMemoryManager
 0001:0005420C       InstanceModuleName
 0001:0000F374       InternalCleanup
 0001:00031240       InternalCriticalError
 0002:00009F24       InternalErrorCode
 0002:00009F28       InternalErrorMsg
 0001:0004DDC0       InternalExceptNotify
 0001:00033954       InternalFileExists
 0002:00007084       InternalIntoIDE
 0001:0004302C       InternalSendMail
 0001:0000F344       InternalStartup
 0001:000019F8       Internal_AddLeak
 0001:000530B8       Internal_AddLeak
 0001:000537E8       Internal_Finalization
 0001:000537D0       Internal_MultiFreeProc
 0001:000537B8       Internal_OverrunProc
 0001:00052D64       Internal_ResetLeaks
 0001:000019E4       Internal_ResetLeaks
 0001:00053238       Internal_ShowLeaks
 0001:00001AA8       Internal_ShowLeaks
 0002:00009D8C       InternetCloseHandle
 0002:00009D6C       InternetConnect
 0002:00009DA8       InternetGetConnectedState
 0002:00009D9C       InternetGetLastResponseInfo
 0002:00009D68       InternetOpen
 0002:00009DA0       InternetOpenUrl
 0002:00009D90       InternetQueryOption
 0002:00009DA4       InternetReadFile
 0002:00009D94       InternetSetOption
 0002:00009D80       InternetWriteFile
 0002:00009EA9       IntoFinalization
 0001:00006704       IntoIDE
 0002:00009EA8       IntoInitialization
 0002:00009EB0       IntraWebApplication
 0002:00009EB8       IntraWebCompressedPage
 0002:00009EB4       IntraWebServerController
 0001:00053C64       IntraWeb_BPL
 0002:00009E60       IntraWeb_CreateServer
 0002:00009EC0       IntraWeb_NewEvent
 0001:0004FB1C       IntraWeb_OnExceptionEvent
 0001:0004FA9C       IntraWeb_OnExceptionEvent_New
 0001:0004FA14       IntraWeb_OnExceptionEvent_Old
 0002:00009E68       IntraWeb_OnException_New
 0002:00009E64       IntraWeb_OnException_Old
 0002:00009E78       IntraWeb_SendResponse
 0002:00009E74       IntraWeb_ShowMessage
 0002:00009EBC       IntraWeb_Version
 0001:00000990       InvalidateRect
 0001:00000998       InvalidateRgn
 0001:0000DB90       ioctlsocket
 0001:000014D0       IsALeakChild
 0001:00031EF8       IsANewProcessWindow
 0001:00030118       IsAParent
 0001:00030008       IsAParentClassStr
 0001:00000DC4       IsAParentClassStr
 0001:000301DC       IsAParentClassStr_Unsafe
 0001:00030188       IsAParents
 0001:000300F0       IsAParentStr
 0001:000302BC       IsAParentStr_Unsafe
 0002:00009E94       ISAPIHandleException
 0002:00009DFC       ISAPI_HttpExtensionProc
 0002:00009E04       ISAPI_Proc
 0002:0000603C       ISAPI_SendError
 0002:00009E00       ISAPI_WriteClientProc
 0001:00031C98       IsApplicationWindow
 0001:00000688       IsBadReadPtr
 0001:0004DB38       IsBorlandThread
 0001:00033920       IsCGI
 0001:0004A144       IsCompatibleException
 0001:0002FE1C       IsCompatibleVersion
 0001:000024C0       IsCompiledWithPackages
 0001:000348E0       IsCompiledWithPackages
 0001:00031EE0       IsCurrentProcessWindow
 0001:0002FD1C       IsDebugged
 0001:0000A4C8       IsDecDigit
 0001:00030D84       IsDelphiException
 0002:0000A3AC       IsDialogShowed
 0001:000198E8       IsEnd
 0001:00051D0C       IsEurekaLogActive
 0001:00051CAC       IsEurekaLogActiveInThread
 0001:000384D0       IsEurekaLogCompatibleModule
 0001:00051658       IsEurekaLogInstalled
 0001:000384AC       IsEurekaLogModule
 0001:0003841C       IsEurekaLogModule_New
 0001:00038304       IsEurekaLogModule_Old
 0001:00037E04       IsExceptionHandled
 0001:000068E4       IsFileOK
 0002:0000A0C9       IsFilterDialog
 0001:00033B94       IsGUI
 0001:0004F538       IsHandledSafeCallException
 0001:00052124       IsHTMLPage
 0001:000009A0       IsIconic
 0001:000020AC       IsIntoIDE
 0001:00033B5C       IsIntraWeb
 0001:00033B20       IsISAPI
 0001:00034884       IsLocalStorageProc
 0001:0004DB28       IsMainThread
 0001:00031D08       IsMainWindow
 0001:000302D8       IsManageableObject
 0002:00007060       IsMMHost
 0001:00032224       IsModuleLibrary
 0001:00000BCC       IsObjectCreation
 0001:00039FCC       ISODateTime
 0001:00006888       IsReadableFile
 0001:0001AB40       IsRealFile
 0001:000348D4       IsRTLCompiledWithStackFrames
 0001:000348A4       IsStackFramesProc
 0001:00000C98       IsValidBlockAddr
 0001:00005F30       IsValidBlockAddr
 0001:00000D74       IsValidClass
 0001:0002FF08       IsValidClass
 0001:0000FE30       IsValidDNS
 0001:00040864       IsValidEmail
 0001:0002FD8C       IsValidHandle
 0001:0002E388       IsValidModule
 0001:0002FFDC       IsValidObject
 0001:0002FDEC       IsValidRunningThread
 0001:00033B68       IsWeb
 0001:00030648       IsWin95
 0001:0000EAB0       IsWin9xDebugThunk
 0001:000339C4       IsWinCGI
 0001:000009A8       IsWindow
 0001:0004DB54       IsWindowsThread
 0001:000009B0       IsWindowVisible
 0001:00030664       IsWinNT4
 0001:00009070       IsWinVista
 0001:00030680       IsWinVista
 0001:000067F0       IsWritableFile
 0001:00034940       Is_HandleOnException_Handled
 0001:0000E190       JumpToMem
 0002:00009DEC       Kernel_CreateThread
 0002:00009DF4       Kernel_ExitThread
 0002:00009DE4       Kernel_RaiseException
 0002:00009DF0       Kernel_ResumeThread
 0002:00009DE8       Kernel_RtlUnwind
 0002:00009DF8       Kernel_WriteFile
 0002:00009D4C       KeyData
 0001:00032040       KillApplication
 0001:000009B8       KillTimer
 0002:00009E40       LanguageStr
 0002:0000A0C4       LastBugID
 0002:00009EF4       LastDelphiException
 0002:00009F84       LastDumpCriticalSection
 0002:0000707C       LastEurekaVersion
 0002:00009EE4       LastExceptAddr
 0002:00006054       LastExceptionAddress
 0002:00009FA0       LastExceptionCallStackAddress
 0002:00009FA8       LastExceptionCallStackDump
 0002:00009FA4       LastExceptionCallStackSize
 0002:00009F04       LastExceptionLog
 0002:0000A0C0       LastExceptionMessage
 0002:00006058       LastExceptionObject
 0002:00009F00       LastExceptionRecord
 0002:00009F9C       LastExceptionThreadID
 0002:0000A0BC       LastExceptionType
 0002:00009EF8       LastExceptMessage
 0002:00009EF0       LastExceptObject
 0002:00009EEC       LastExceptThreadID
 0002:00009E5C       LastFinalizationPtr
 0002:00009EA0       LastHTMLPage
 0002:00009E58       LastInitializationPtr
 0002:00009EA4       LastInitPointer
 0002:00009F08       LastLog
 0002:0000A0D4       LeakAddr
 0001:00001C40       LeaksCheck
 0002:0000705A       LeaksOptions
 0002:0000604C       LeaksStackList
 0002:0000A0D0       LeakTotalCount
 0002:0000A0CC       LeakTotalSize
 0001:00055C80       LearnDelphi
 0001:00000690       LeaveCriticalSection
 0002:0000A358       LeftButton
 0002:0000A350       ListHeight
 0002:0000A34C       ListWidth
 0001:0002E8E0       Load
 0001:000009C0       LoadBitmap
 0001:000009C8       LoadCursor
 0001:000388E4       LoadData
 0001:000386E4       LoadData_Old
 0001:00038D00       LoadDebugInformation
 0001:00054294       LoadFromFile
 0001:00000698       LoadLibrary
 0001:000006A0       LoadLibraryEx
 0001:000006A8       LoadResource
 0001:00030574       LoadSharedDataEx
 0001:000367F4       LoadTextFile
 0001:00000360       LocalAlloc
 0001:00047784       LocalesCallback
 0001:00000ECC       LockCheck
 0001:0004FB74       LockCheck
 0001:000006B0       LockResource
 0001:00000ED8       LockVariable
 0001:00044F2C       LogFileMessage
 0001:00043D34       LoggedUserName
 0001:00033914       LogicToPhysicAddr
 0001:000004A8       LookupPrivilegeName
 0001:00018284       LRot32
 0001:0003D0D4       MailSlotSend
 0002:0000A3A8       MainDialog
 0002:00009EDC       MainThreadHandle
 0002:00009EE0       MainThreadTopOfStack
 0001:00000AA0       MakeLong
 0001:00018194       make_crc_table
 0002:0000A0D8       ManualAntiFreeze
 0001:0003731C       MappedExceptionObject
 0001:000006B8       MapViewOfFile
 0002:0000608C       Mask
 0001:0000A124       Max
 0002:00001C98       MaxBugOccurrences
 0001:00037FC8       MaxReadableSize
 0002:0000606C       MemoryOverrunExceptionText
 0002:0000705C       MemoryPages
 0001:000009D0       MessageBeep
 0001:000009D8       MessageBox
 0001:00002B5C       Messages
 0001:0000A12C       Min
 0001:0002B8FC       ModRM
 0001:0000E20C       ModRMByte
 0002:00000000       Module
 0001:0003BED4       ModuleBmp
 0001:0002E29C       ModuleFileName
 0001:0000E1B0       ModuleFileName
 0001:0000D884       ModuleFileName
 0001:00032210       ModuleInfoByAddr
 0001:00032154       ModuleInfoByHandle
 0002:00009F5C       ModuleInfoData
 0002:00006060       ModuleInfoHandle
 0001:00033904       ModuleInitTable
 0002:00007000       ModuleIsLib
 0001:00002438       ModuleName
 0002:00006040       ModulesList
 0001:0003BFCC       ModulesListDialogProc
 0002:0000A3B8       MonitorRect
 0001:000006C0       MoveFile
 0001:000009E0       MoveWindow
 0001:000006C8       MulDiv
 0002:00006068       MultiFreeExceptionText
 0002:00007020       MultiFreeProc
 0002:0000A134       MustFreeGlobalMappedObject
 0001:0004DBA4       MustPauseThisThread
 0001:0004D9F8       MustRestoreApplication
 0001:0004D9B8       MustSendMessage
 0001:00020C2C       NeedConvertNotDosText
 0002:000033CC       NetLib
 0001:0003A534       NewDialogProc
 0001:0003E8BC       NewDialogProc
 0001:00041BE4       NewDialogProc
 0001:00001424       NewFreeMem
 0001:000013B8       NewGetMem
 0002:00000020       NewMemoryManager
 0001:00040B34       NewMSDialogProc
 0001:00001450       NewReallocMem
 0001:00039034       NextItem
 0002:00000958       NoChars
 0002:0000A198       NonClientMetrics
 0001:0002493C       NormalizePos
 0002:0000A0E1       NoSynchronizeEvent
 0002:00009F59       NotLoadDebugInfo
 0002:00009E84       NTService_LogMessage
 0001:000009E8       OffsetRect
 0002:00009E34       OldExceptObjProc
 0002:00009E24       OldExceptProc
 0002:0000A3B4       OldForegroundWnd
 0002:0000A0EC       OldGlobal_ExceptionRecord
 0002:00007038       OldMemoryManager
 0001:00046A8C       OnCallInstr
 0002:00004864       OneByteOpcodes
 0001:0002E4E0       OneString
 0002:00009ED4       OnlySafeCallExceptions
 0001:00046B9C       OnRefProc
 0002:00000A24       OpCodeLongJump1Byte
 0002:00000A44       OpCodeLongJump2Bytes
 0002:000009C4       OpCodePrefixes
 0002:00000A04       OpCodeReturn
 0002:000009E4       OpCodeShortJump
 0001:000009F0       OpenClipboard
 0002:00006074       Opened_LogFile_Name
 0001:0003D1CC       OpenIDEEditor
 0001:00035E34       OpenLogFile
 0001:0002DF98       OpenPrinter
 0001:000006D0       OpenProcess
 0001:000004B0       OpenProcessToken
 0001:0001F894       OpenRequest
 0001:0002C3BC       Operand
 0002:0000A338       OriginalHeight
 0002:00007064       OriginalMemMgr
 0002:00009EAC       OriginalThreadProc
 0002:0000A334       OriginalWidth
 0001:00048CD4       OSSupportDisplayAPI
 0002:0000A0E4       OutOfMemoryCache
 0001:000006D8       OutputDebugString
 0002:0000701C       OverrunProc
 0002:00001BC8       p
 0001:0001A6A4       ParserHTML
 0002:000033DC       PassiveMode
 0002:00009DCC       PasswordRequest
 0001:000009F8       PeekMessage
 0001:0000BC04       PEInitialize
 0001:0000BB64       PeMapImgFindSection
 0001:0000BBC0       PeMapImgNtHeaders
 0001:0000EAC4       PeMapImgNtHeaders
 0001:0000BB50       PeMapImgSections
 0002:0000AC30       PNG_Bitmap
 0002:0000A7E8       PNG_ColoursCount
 0002:0000A814       PNG_CRCList
 0002:0000607C       PNG_CRCListed
 0002:0000AC24       PNG_Cursor
 0002:0000A7F8       PNG_Data
 0002:0000A7F0       PNG_DataSize
 0002:0000AC2C       PNG_DCCompatible
 0002:0000AC28       PNG_DCScreen
 0002:0000A810       PNG_Encode_Data
 0002:0000A80C       PNG_Encode_Filter
 0002:0000AC20       PNG_FocusWnd
 0002:0000A7FC       PNG_HeaderData
 0002:0000AC38       PNG_Height
 0002:0000AC1C       PNG_HWindow
 0002:0000A7F4       PNG_ImgData
 0002:0000AC14       PNG_pal
 0002:0000A7EC       PNG_RowBytes
 0002:0000AC18       PNG_UsePal
 0002:0000AC34       PNG_Width
 0001:00031F40       PopulateCurrentProcessWindows
 0001:00006250       PosEx
 0001:00000A00       PostMessage
 0001:0004641C       PrepareFilesToSend
 0001:0003297C       PriorityToString
 0001:00043AF4       ProcessDialogMessages
 0002:00006044       ProcessesList
 0001:0003C700       ProcessesListDialogProc
 0001:00042500       ProcessImage
 0001:000394D4       ProcessMessage
 0001:0004F434       ProcessMessages
 0002:000033D4       ProxyPassword
 0002:000033D8       ProxyServer
 0002:000033D0       ProxyUserName
 0001:00000A08       PtInRect
 0002:00000998       PublicsByNameHeader
 0002:000009A8       PublicsByValueHeader
 0001:00000FD8       PurgeCallStack
 0001:000390A4       PurgeCallStack
 0001:00001ABC       PurgeCallStacks
 0001:00019758       PurgeHTMLCode
 0001:000018A8       PurgeInvalidLeaks
 0001:0004DA50       PurgeModulesList
 0001:00019B70       PurgeQuotes
 0001:000473F0       PurgeString
 0001:000062E8       QuickStringReplace
 0002:00009EE8       RaisedExceptAddr
 0002:0000A320       rClick
 0001:00038024       ReadAddr
 0001:0000A5B8       ReadAddress
 0001:0002B7D4       ReadByte
 0001:0000A508       ReadDecValue
 0001:0002B794       ReadDWord
 0001:00048DF0       ReadDWordKey
 0001:00034A20       ReadEncodeString
 0001:0000A53C       ReadHexValue
 0001:0000651C       ReadKey
 0001:0002BA68       ReadSib
 0001:0003B4B0       ReadState
 0001:0000779C       ReadString
 0001:00005CC8       ReadString
 0001:0000A5F4       ReadString
 0001:0000A4DC       ReadTextLine
 0001:0002B7B4       ReadWord
 0001:00053888       RealAddr
 0002:0000A348       RealHeight
 0002:0000A33C       RealLeft
 0001:000331E8       RealPriority
 0001:000364D8       RealTmpLastHTMLPage
 0002:0000A340       RealTop
 0002:0000A344       RealWidth
 0001:0000DB98       recv
 0001:00042448       ReduceTree
 0001:000004B8       RegCloseKey
 0001:000004C0       RegEnumKeyEx
 0001:00000A10       RegisterClass
 0001:000004C8       RegOpenKeyEx
 0001:000004D0       RegQueryValueEx
 0001:000554B0       RegStr
 0001:00000A18       ReleaseDC
 0001:0000E5D8       RelocateMemory
 0001:000019BC       RemoveExtraLeaks
 0001:00048910       RemoveLastSeparator
 0001:00001B3C       RemoveLeaksSons
 0001:0000174C       RemoveMemBlock
 0001:0002CD58       Replacer
 0001:00039F50       ResetAutoCloseTimer
 0001:00043D70       ResetCounting
 0001:0004F3F0       ResetGlobalVars
 0002:00007028       ResetLeaks
 0002:000009B8       ResourceFilesHeader
 0001:000374B8       RestoreGlobalExceptionRecord
 0001:000006E0       ResumeThread
 0001:000309B4       RFCDate
 0001:00000AC0       RGB
 0001:00037CA0       RoundMatch
 0001:00037CB8       RoundMatchPtr
 0002:0000A310       rSupport
 0001:0002E92C       RTF_LoadFromStream
 0001:0002E958       RTF_LoadFromText
 0001:00009308       SafeExec
 0001:0000A1B0       SafeLoadFromFileToStream
 0002:0000A7E4       SavedLastHTMLPage
 0001:000362B0       SavedScreenshot
 0001:000373F0       SaveGlobalExceptionRecord
 0001:00049FDC       SaveLogFile
 0001:0003B760       SaveState
 0001:00000A20       ScreenToClient
 0001:0000A134       SearchDynArray
 0001:00021318       SearchItem
 0001:00020E0C       SearchNextItem
 0001:0001AEE0       SearchPort
 0001:0001AE50       SearchWord
 0001:0000AB64       Search_MapLineNumber
 0001:0000AD30       Search_MapProcName
 0002:00000988       SegmentsHeader
 0001:00000830       SelectObject
 0001:00000838       SelectPalette
 0001:0000DBA0       send
 0001:0004411C       SendCommandEx
 0001:000456E8       SendEmailMessage
 0001:00046770       SendInternetMessage
 0001:00000A28       SendMessage
 0001:00000A30       SendMessageTimeout
 0001:000462D0       SendWebMessage
 0001:0001F298       SendWebTrakerReport
 0002:00009E08       ServerECB
 0001:00039F0C       SetAutoCloseTimer
 0001:00039F9C       SetAutoTopMost
 0001:00000840       SetBkColor
 0001:00000848       SetBkMode
 0001:00000A38       SetClipboardData
 0001:00031F5C       SetClipboardText
 0001:00043D4C       SetCounting
 0001:00000A40       SetCursor
 0001:000396A8       SetCustomErrorMessage
 0001:000541D8       SetDebugHook
 0001:0003B468       SetDialogRect
 0001:0003B8F8       SetDialogState
 0001:00000850       SetDIBColorTable
 0001:000006E8       SetEnvironmentVariable
 0001:0004DBFC       SetEnvVariables
 0001:000458AC       SetError
 0001:00031B14       SetErrorType
 0001:00051D04       SetEurekaLogState
 0001:0002FCC8       SetEventAddr
 0001:00000A48       SetFocus
 0001:00000A50       SetForegroundWindow
 0001:00045D54       SetFullURL
 0001:0004F4D0       SetHandledWithEurekaLog
 0001:00050404       SetIndyEvent
 0001:00039D8C       SetInitDialog
 0001:000319C4       SetInternalError
 0001:0004FB30       SetIntraWebEvent
 0001:0002E114       SetItem
 0001:0005002C       SetLastECX
 0001:000006F0       SetLastError
 0001:000395A0       SetLastException
 0001:00039578       SetLastExceptionData
 0001:000369A8       SetLastExceptionObject
 0001:000395B8       SetLastExceptStack
 0001:0005001C       SetLastStackPointer
 0001:0005388C       SetMainThreadTopOfStack
 0001:00000858       SetMapMode
 0001:000011D4       SetOurPointer
 0001:0001F3B4       SetProxyAuthenticationData
 0001:0001F348       SetProxyServer
 0001:0003E714       SetRectangles
 0001:00041B48       SetRectangles
 0001:000396E8       SetRectangles
 0001:0002EA0C       SetRTFBackColor
 0001:00043C8C       SetSendDialogBar
 0001:00043B60       SetSendDialogLabel
 0001:00043C54       SetSendDialogSingleLabel
 0001:00000860       SetTextColor
 0001:00000A58       SetTimer
 0001:0000DF54       SetVirtualMethod
 0001:00045D9C       SetWebTrakerError
 0001:00000A60       SetWindowLong
 0001:00000A68       SetWindowPlacement
 0001:00000A70       SetWindowPos
 0001:0000DB70       ShellAPI
 0001:0000DB38       ShellExecute
 0001:00045064       ShellSendMail
 0001:0003A4F4       ShiftWndBottom
 0001:00055408       ShlObj
 0001:000418A8       ShowDialog
 0002:00005B3C       ShowEurekaLogUnits
 0002:0000A3A5       ShowInDetailsMode
 0002:0000702C       ShowLeaks
 0001:0003A8E4       ShowRequestDialog
 0001:00041EAC       ShowSendDialog
 0001:00041E28       ShowSendDialogThread
 0001:0004DAA8       ShowType
 0001:00000A78       ShowWindow
 0001:0002B928       Sib
 0001:0000E1F4       SIDSize
 0001:0002B6F4       SignedIntToHex
 0001:0001F330       SimpleCheckError
 0001:0000AF28       SimpleCryptString
 0001:0002E5D8       SimpleWord
 0001:000006F8       SizeofResource
 0001:0000A494       SkipEndLine
 0001:0000A474       SkipWhiteSpace
 0001:00000700       Sleep
 0001:00044F6C       SMTPSend
 0001:000449C8       SMTPSendEmail
 0001:0004419C       SMTPSendSingleEmail
 0001:0000DBA8       socket
 0001:0002FEA8       StandardIsValidClass
 0001:00046CCC       StartComment
 0002:00009F14       StartDir
 0002:00009E2C       StartingDate
 0001:000304AC       StoreSharedDataEx
 0001:0000D38C       StringReplace
 0001:00007700       StrToBin
 0001:0001005C       StrToWord
 0002:0000A330       SupportLinkActive
 0001:00000708       SuspendThread
 0001:00018CB4       SwapDWord
 0001:00037BEC       SynchronizeEvent
 0002:00009F18       SynchronizeExcept
 0002:00009F1C       SynchronizeRaise
 0001:0000A644       SyncToHeader
 0001:0000A70C       SyncToPrefix
 0001:00000490       SysInit
 0001:00000A80       SystemParametersInfo
 0002:00000978       TableHeader
 0001:0002DFB0       TActiveXException.Create
 0001:0002D090       TDisAsm.GetInstruction
 0001:00018D98       TEA_Decrypt
 0001:00018CE8       TEA_Encrypt
 0001:0000A268       TELAbstractMapParser.Create
 0001:0000A2C8       TELAbstractMapParser.Destroy
 0001:0000A2FC       TELAbstractMapParser.MapStringToStr
 0001:0000A7DC       TELAbstractMapParser.Parse
 0001:0000B108       TELBinDebugScanner.CacheLineNumbers
 0001:0000B1C0       TELBinDebugScanner.CacheProcNames
 0001:0000B2B4       TELBinDebugScanner.CheckFormat
 0001:0000B0B0       TELBinDebugScanner.Create
 0001:0000B350       TELBinDebugScanner.DataToStr
 0001:0000DA54       TELBinDebugScanner.Destroy
 0001:0000B380       TELBinDebugScanner.LineNumberFromAddr
 0001:0000B484       TELBinDebugScanner.MakePtr
 0001:0000B490       TELBinDebugScanner.ModuleNameFromAddr
 0001:0000B4FC       TELBinDebugScanner.ModuleStartFromAddr
 0001:0000B554       TELBinDebugScanner.ProcNameFromAddr
 0001:0000B708       TELBinDebugScanner.ReadValue
 0001:0000B744       TELBinDebugScanner.SourceNameFromAddr
 0001:0000C870       TELConstantSymbolInfo.Create
 0001:0000C614       TELDataSymbolInfo.Create
 0001:0000BA1C       TELDebugInfoJedy.Destroy
 0001:0000BA5C       TELDebugInfoJedy.GetLocationInfo
 0001:0000BC3C       TELDebugInfoJedy.InitializeSource
 0001:0000BD34       TELDebugInfoJedy.ValidData
 0001:0000B858       TELDebugInfoMap.Destroy
 0001:0000B88C       TELDebugInfoMap.GetLocationInfo
 0001:0000B980       TELDebugInfoMap.InitializeSource
 0001:0000BA14       TELDebugInfoMap.ValidData
 0001:0000B7D0       TELDebugInfoSource.Create
 0001:0000B808       TELDebugInfoSource.GetFileName
 0001:0000B84C       TELDebugInfoSource.VAFromAddr
 0001:0000BD48       TELDebugInfoTD32.Destroy
 0001:0000BD7C       TELDebugInfoTD32.GetLocationInfo
 0001:0000BE78       TELDebugInfoTD32.InitializeSource
 0001:0000BED4       TELDebugInfoTD32.ValidData
 0001:0000C7AC       TELLabelSymbolInfo.Create
 0001:0000C09C       TELLineInfo.Create
 0001:0000AB5C       TELMapScanner.ClassTableItem
 0001:0000AAA0       TELMapScanner.Create
 0001:0000AB04       TELMapScanner.Destroy
 0001:0000AB6C       TELMapScanner.LineNumberFromAddr
 0001:0000ABD8       TELMapScanner.LineNumbersItem
 0001:0000ACA0       TELMapScanner.LineNumberUnitItem
 0001:0000ACA4       TELMapScanner.ModuleNameFromAddr
 0001:0000ACF4       TELMapScanner.ModuleStartFromAddr
 0001:0000AD38       TELMapScanner.ProcNameFromAddr
 0001:0000ADB8       TELMapScanner.PublicsByNameItem
 0001:0000ADBC       TELMapScanner.PublicsByValueItem
 0001:0000AE18       TELMapScanner.Scan
 0001:0000AE60       TELMapScanner.SegmentItem
 0001:0000AEC8       TELMapScanner.SourceNameFromAddr
 0001:0000BF3C       TELModuleInfo.Create
 0001:0000BFFC       TELModuleInfo.GetSegment
 0001:0000C550       TELObjNameSymbolInfo.Create
 0001:0000D73C       TELPeBorTD32Image.CheckDebugData
 0001:0000D78C       TELPeBorTD32Image.ClearDebugData
 0001:0000D6BC       TELPeBorTD32Image.Create
 0001:0000D714       TELPeBorTD32Image.Destroy
 0001:0000D7B4       TELPeBorTD32Image.IsDebugInfoInImage
 0001:0000D8CC       TELPeBorTD32Image.IsDebugInfoInTds
 0001:0000C484       TELProcSymbolInfo.Create
 0001:0000C0E4       TELSourceModuleInfo.Create
 0001:0000C248       TELSourceModuleInfo.Destroy
 0001:0000C330       TELSourceModuleInfo.FindLine
 0001:0000C27C       TELSourceModuleInfo.GetLine
 0001:0000C290       TELSourceModuleInfo.GetLineCount
 0001:0000C298       TELSourceModuleInfo.GetSegment
 0001:0000C3CC       TELSymbolInfo.Create
 0001:0000CC58       TELTD32InfoParser.Analyse
 0001:0000CDCC       TELTD32InfoParser.AnalyseAlignSymbols
 0001:0000CF4C       TELTD32InfoParser.AnalyseModules
 0001:0000CD9C       TELTD32InfoParser.AnalyseNames
 0001:0000CF70       TELTD32InfoParser.AnalyseSourceModules
 0001:0000CAD4       TELTD32InfoParser.Create
 0001:0000CBFC       TELTD32InfoParser.Destroy
 0001:0000D02C       TELTD32InfoParser.FindModule
 0001:0000D184       TELTD32InfoParser.FindProc
 0001:0000D0E4       TELTD32InfoParser.FindSourceModule
 0001:0000CFB8       TELTD32InfoParser.GetModule
 0001:0000CFCC       TELTD32InfoParser.GetModuleCount
 0001:0000CFD4       TELTD32InfoParser.GetName
 0001:0000CFF4       TELTD32InfoParser.GetSourceModule
 0001:0000D008       TELTD32InfoParser.GetSourceModuleCount
 0001:0000D010       TELTD32InfoParser.GetSymbol
 0001:0000D024       TELTD32InfoParser.GetSymbolCount
 0001:0000D20C       TELTD32InfoParser.IsTD32DebugInfoValid
 0001:0000D2E8       TELTD32InfoParser.IsTD32Sign
 0001:0000D300       TELTD32InfoParser.LfaToVa
 0001:0000D308       TELTD32InfoScanner.LineNumberFromAddr
 0001:0000D354       TELTD32InfoScanner.ModuleNameFromAddr
 0001:0000D5F0       TELTD32InfoScanner.ProcNameFromAddr
 0001:0000D68C       TELTD32InfoScanner.SourceNameFromAddr
 0001:0000C93C       TELUdtSymbolInfo.Create
 0001:0000CA08       TELVftPathSymbolInfo.Create
 0001:0000C6E0       TELWithSymbolInfo.Create
 0001:0002E4B4       TempPath
 0002:00009E54       TerminateApplication
 0001:00000710       TerminateProcess
 0001:00000718       TerminateThread
 0001:0002284C       TestDecrypt
 0001:0000FC40       TEurekaClientSMTP.GetText
 0001:0000FBFC       TEurekaClientSMTP.Open
 0001:0000FD1C       TEurekaClientSMTP.SendCommand
 0001:0000F584       TEurekaClientSocket.Close
 0001:0000F4C0       TEurekaClientSocket.Create
 0001:0000F550       TEurekaClientSocket.Destroy
 0001:0000F3E4       TEurekaClientSocket.Error
 0001:0000FB70       TEurekaClientSocket.GetFullText
 0001:0000F388       TEurekaClientSocket.LookupName
 0001:0000F644       TEurekaClientSocket.Open
 0001:0000F9B0       TEurekaClientSocket.ReceiveBuf
 0001:0000FBA8       TEurekaClientSocket.ReceiveFullText
 0001:0000FA98       TEurekaClientSocket.ReceiveText
 0001:0000F830       TEurekaClientSocket.SendBuf
 0001:0000F8F8       TEurekaClientSocket.SendText
 0001:00006A54       TEurekaExceptionsFilters.Add
 0001:00006A70       TEurekaExceptionsFilters.Assign
 0001:00006B2C       TEurekaExceptionsFilters.Clear
 0001:00006B58       TEurekaExceptionsFilters.Create
 0001:00006B90       TEurekaExceptionsFilters.Delete
 0001:00006BC0       TEurekaExceptionsFilters.Destroy
 0001:00006BEC       TEurekaExceptionsFilters.GetItem
 0001:00051560       TEurekaFunctionsList.Clear
 0001:00051584       TEurekaFunctionsList.Delete
 0001:000515AC       TEurekaFunctionsList.Destroy
 0001:000515D8       TEurekaFunctionsList.GetItem
 0001:0002E3D4       TEurekaLogList.GetItem
 0001:00006CEC       TEurekaModuleOptions.Assign
 0001:00006C00       TEurekaModuleOptions.Create
 0001:00006CB8       TEurekaModuleOptions.Destroy
 0001:0000859C       TEurekaModuleOptions.DisableSharedDataWrite
 0001:000085A0       TEurekaModuleOptions.EnableSharedDataWrite
 0001:00007098       TEurekaModuleOptions.GetCustomizedExpandedTexts
 0001:00007618       TEurekaModuleOptions.LoadFromFile
 0001:00007814       TEurekaModuleOptions.LoadFromStream
 0001:00008598       TEurekaModuleOptions.LoadSharedData
 0001:0000908C       TEurekaModuleOptions.OutputFile
 0001:00009228       TEurekaModuleOptions.OutputLogFile
 0001:000070B4       TEurekaModuleOptions.SaveToFile
 0001:000085A4       TEurekaModuleOptions.SaveToSharedData
 0001:00007210       TEurekaModuleOptions.SaveToStream
 0001:00008BBC       TEurekaModuleOptions.SetActivateHandle
 0001:00008BC8       TEurekaModuleOptions.SetActivateLog
 0001:00008B60       TEurekaModuleOptions.SetActive
 0001:00008BD4       TEurekaModuleOptions.SetAppendLogs
 0001:00008EE0       TEurekaModuleOptions.SetAttachedFiles
 0001:00008F24       TEurekaModuleOptions.SetAutoCloseDialogSecs
 0001:00008F30       TEurekaModuleOptions.SetAutoCrashMinutes
 0001:00008F3C       TEurekaModuleOptions.SetAutoCrashNumber
 0001:00008F48       TEurekaModuleOptions.SetAutoCrashOperation
 0001:00008F94       TEurekaModuleOptions.SetBehaviourOptions
 0001:00008FAC       TEurekaModuleOptions.SetCallStackOptions
 0001:00008EB4       TEurekaModuleOptions.SetCommonSendOptions
 0001:00008ECC       TEurekaModuleOptions.SetCompiledFileOptions
 0001:00008B04       TEurekaModuleOptions.SetCustomizedTexts
 0001:00008BE0       TEurekaModuleOptions.SetEMailAddresses
 0001:00008C00       TEurekaModuleOptions.SetEMailMessage
 0001:00008C20       TEurekaModuleOptions.SetEMailSendMode
 0001:00008C2C       TEurekaModuleOptions.SetEMailSubject
 0001:00008B78       TEurekaModuleOptions.SetErrorsNumberToSave
 0001:00008C4C       TEurekaModuleOptions.SetErrorsNumberToShowTerminateBtn
 0001:00008F00       TEurekaModuleOptions.SetExceptionDialogOptions
 0001:00008F18       TEurekaModuleOptions.SetExceptionDialogType
 0001:00008C58       TEurekaModuleOptions.SetForegroundTab
 0001:00008B6C       TEurekaModuleOptions.SetFreezeActivate
 0001:00008C64       TEurekaModuleOptions.SetFreezeTimeout
 0001:00008F54       TEurekaModuleOptions.SetHTMLLayout
 0001:00008C70       TEurekaModuleOptions.SetLogOptions
 0001:00008BB0       TEurekaModuleOptions.SetModuleHandle
 0001:00008B94       TEurekaModuleOptions.SetModuleName
 0001:00008C84       TEurekaModuleOptions.SetOutputPath
 0001:00008CA4       TEurekaModuleOptions.SetPostFailureBuildEvent
 0001:00008CC0       TEurekaModuleOptions.SetPostSuccessfulBuildEvent
 0001:00008CDC       TEurekaModuleOptions.SetPreBuildEvent
 0001:00008CF8       TEurekaModuleOptions.SetProxyPassword
 0001:00008D14       TEurekaModuleOptions.SetProxyPort
 0001:00008D20       TEurekaModuleOptions.SetProxyURL
 0001:00008D3C       TEurekaModuleOptions.SetProxyUserID
 0001:00008D58       TEurekaModuleOptions.SetSaveLogFile
 0001:00008D64       TEurekaModuleOptions.SetShowOptions
 0001:00008D78       TEurekaModuleOptions.SetSMTPFrom
 0001:00008D94       TEurekaModuleOptions.SetSMTPHost
 0001:00008DB0       TEurekaModuleOptions.SetSMTPPassword
 0001:00008DCC       TEurekaModuleOptions.SetSMTPPort
 0001:00008DD8       TEurekaModuleOptions.SetSMTPUserID
 0001:00008F74       TEurekaModuleOptions.SetSupportURL
 0001:00008DF4       TEurekaModuleOptions.SetTerminateBtnOperation
 0001:00008E00       TEurekaModuleOptions.SetTextsCollection
 0001:000085BC       TEurekaModuleOptions.SetToDefaultOptions
 0001:00008A5C       TEurekaModuleOptions.SetTrakerAssignTo
 0001:00008A78       TEurekaModuleOptions.SetTrakerCategory
 0001:00008A94       TEurekaModuleOptions.SetTrakerPassword
 0001:00008AB0       TEurekaModuleOptions.SetTrakerProject
 0001:00008ACC       TEurekaModuleOptions.SetTrakerTrialID
 0001:00008AE8       TEurekaModuleOptions.SetTrakerUserID
 0001:00008E4C       TEurekaModuleOptions.SetWebPassword
 0001:00008E6C       TEurekaModuleOptions.SetWebPort
 0001:00008E20       TEurekaModuleOptions.SetWebSendMode
 0001:00008E2C       TEurekaModuleOptions.SetWebURL
 0001:00008E78       TEurekaModuleOptions.SetWebUserID
 0001:00008E98       TEurekaModuleOptions.SetZipPassword
 0001:00008594       TEurekaModuleOptions.StoreSharedData
 0001:00052AC8       TEurekaModuleOptionsEx.LoadSharedData
 0001:00052A30       TEurekaModuleOptionsEx.SetActive
 0001:00052A78       TEurekaModuleOptionsEx.SetFreezeActivate
 0001:00052AC0       TEurekaModuleOptionsEx.StoreSharedData
 0001:00050F8C       TEurekaModulesList.Clear
 0001:00050FB0       TEurekaModulesList.Delete
 0001:00051004       TEurekaModulesList.Destroy
 0001:00051030       TEurekaModulesList.GetItem
 0001:00051044       TEurekaProcessesList.Clear
 0001:00051068       TEurekaProcessesList.Delete
 0001:00051090       TEurekaProcessesList.Destroy
 0001:000510BC       TEurekaProcessesList.GetItem
 0001:00050F00       TEurekaStackList.Clear
 0001:00050F24       TEurekaStackList.Delete
 0001:00050F4C       TEurekaStackList.Destroy
 0001:00050F78       TEurekaStackList.GetItem
 0001:0005135C       TEurekaThreadsList.BeginRead
 0001:00051374       TEurekaThreadsList.BeginWrite
 0001:00051438       TEurekaThreadsList.CallUnhandledException
 0001:000511F4       TEurekaThreadsList.Clear
 0001:000510D0       TEurekaThreadsList.Create
 0001:00051218       TEurekaThreadsList.Delete
 0001:000511B8       TEurekaThreadsList.Destroy
 0001:00051368       TEurekaThreadsList.EndRead
 0001:00051380       TEurekaThreadsList.EndWrite
 0001:000512B8       TEurekaThreadsList.FindByThreadHandle
 0001:00051318       TEurekaThreadsList.FindByThreadID
 0001:000512E8       TEurekaThreadsList.FindByThreadObject
 0001:00051348       TEurekaThreadsList.GetItem
 0001:0005138C       TEurekaThreadsList.NewItem
 0001:000513C8       TEurekaThreadsList.PurgeList
 0001:0005125C       TEurekaThreadsList.RemoveCurrentThread
 0001:000514F0       TEurekaThreadsList.SetExceptionType
 0001:0004F224       TExceptionThread.Create
 0001:0004F380       TExceptionThread.Execute
 0001:00000868       TextOut
 0001:0002FAD0       TextToHtml
 0001:0002EA34       TextToRTF
 0002:0000A354       TextWidth
 0001:00055944       TForm1.btnDeleteObjectClick
 0001:00055898       TForm1.btnNewObjectClick
 0001:00055890       TForm1.btnShowObjectsClick
 0001:000557F4       TForm1.FormCreate
 0001:00055850       TForm1.FormDestroy
 0001:0005597C       TForm1.ShowList
 0001:00052694       TFreezeThread.Create
 0001:000526CC       TFreezeThread.Execute
 0001:000320A0       THModuleStream.Create
 0001:0000BEF0       THModuleStream.Create
 0001:000320E8       THModuleStream.Destroy
 0001:00032118       THModuleStream.SecureRead
 0001:0000DE10       THookedMethodsList.Create
 0001:0000DE7C       THookedMethodsList.Delete
 0001:0000DEA4       THookedMethodsList.Destroy
 0001:0000DE50       THookedMethodsList.GetItem
 0001:0000DE64       THookedMethodsList.Lock
 0001:0000DE70       THookedMethodsList.Unlock
 0002:00009F38       ThreadsCriticalSection
 0002:00009E28       ThreadsList
 0002:00009F20       ThreadWrapperAddr
 0001:0001D9A0       THTTPBugzillaSendReport.PostBug
 0001:00052AD0       THTTPConnection.SetSendState
 0001:0001CC5C       THTTPConnectionBase.AddBugSummary
 0001:0001C6C8       THTTPConnectionBase.AddField
 0001:0001C83C       THTTPConnectionBase.AddFieldByDefaultList
 0001:0001C8C0       THTTPConnectionBase.AddFieldByListTitle
 0001:0001C7B8       THTTPConnectionBase.AddFieldByTextArea
 0001:0001C734       THTTPConnectionBase.AddFieldValue
 0001:0001CD00       THTTPConnectionBase.AddSearchText
 0001:0001B784       THTTPConnectionBase.Close
 0001:0001B3D4       THTTPConnectionBase.Create
 0001:0001B5F8       THTTPConnectionBase.Destroy
 0001:0001CA20       THTTPConnectionBase.GetBugCountField
 0001:0001CB90       THTTPConnectionBase.IsSuccessfulSend
 0001:0001B650       THTTPConnectionBase.Open
 0001:0001BD14       THTTPConnectionBase.SendRequest
 0001:0001C698       THTTPConnectionBase.SetRequest
 0001:0001E73C       THTTPFogBugzSendReport.PostBug
 0001:0001CD8C       THTTPMantisSendReport.PostBug
 0001:00020438       THTTPResponse.Assign
 0001:0002051C       THTTPResponse.Clear
 0001:000203F8       THTTPSendReport.Create
 0001:00020434       THTTPSendReport.SetHTTPConnectionClass
 0001:000503C4       TIdThread.HandledException
 0001:00025344       TListViewItems.AddRow
 0001:00025884       TListViewItems.Clear
 0001:000256D4       TListViewItems.ClickOnItem
 0001:000250F0       TListViewItems.Create
 0001:00025840       TListViewItems.Delete
 0001:00025664       TListViewItems.DeleteItem
 0001:000252AC       TListViewItems.Destroy
 0001:00025E94       TListViewItems.DrawList
 0001:000258A8       TListViewItems.GetItem
 0001:000258BC       TListViewItems.GetItemParam
 0001:00025F44       TListViewItems.InitializeData
 0001:00025534       TListViewItems.InsertItem
 0001:00025678       TListViewItems.RedrawItems
 0001:00026054       TListViewItems.SetRedrawState
 0001:00021114       TLogFile.Append
 0001:00020D30       TLogFile.Create
 0001:00020DDC       TLogFile.Destroy
 0001:00021418       TLogFile.FindItem
 0001:00021B68       TLogFile.GetCount
 0001:000218FC       TLogFile.GetItemValue
 0001:00021F9C       TLogFile.GetItem_Assembler
 0001:00023818       TLogFile.GetItem_AssemblerXML
 0001:00021CC0       TLogFile.GetItem_CallStack
 0001:00022884       TLogFile.GetItem_CallStackXML
 0001:00022080       TLogFile.GetItem_CPU
 0001:00023AA4       TLogFile.GetItem_CPUXML
 0001:00021C1C       TLogFile.GetItem_Generals
 0001:00022460       TLogFile.GetItem_GeneralsXML
 0001:00021D58       TLogFile.GetItem_Modules
 0001:0002318C       TLogFile.GetItem_ModulesXML
 0001:00021E60       TLogFile.GetItem_Processes
 0001:000234D0       TLogFile.GetItem_ProcessesXML
 0001:00022198       TLogFile.GetItem_Reproduce
 0001:00024050       TLogFile.GetItem_ReproduceXML
 0001:00024154       TLogFile.GetItem_XML
 0001:00024478       TLogFile.GetLogVersion
 0001:00021B74       TLogFile.GetText
 0001:00024314       TLogFile.GetXML
 0001:00020F50       TLogFile.LoadFromStream
 0001:00020E60       TLogFile.ParseBuffer
 0001:000214C4       TLogFile.Save
 0001:0002104C       TLogFile.SaveToStream
 0001:0002454C       TLogFile.SaveXMLCopy
 0001:00021B88       TLogFile.SectionIndex
 0001:00021554       TLogFile.SetItemValue
 0001:00024638       TLogItem.AddHeader
 0001:000246B0       TLogItem.AddItem
 0001:00024620       TLogItem.Clear
 0001:000245E8       TLogItem.Create
 0001:00024B80       TLogItem.GetString
 0002:00007014       tlsBuffer
 0001:00000368       TlsGetValue
 0002:00007004       TlsIndex
 0002:FFBA912B       TlsLast
 0001:00000370       TlsSetValue
 0001:000454D8       TmpCompressedFileName
 0001:0003655C       TmpLastHTMLPage
 0001:00036350       TmpLogFileName
 0001:00036438       TmpOptionsFileName
 0001:00036330       TmpScreenshot
 0001:0003657C       TmpXMLLogCopy
 0001:000363D0       TmpZIPFileName
 0002:00007050       TObjectCreate
 0002:00007054       TObjectNewInstance
 0002:0000A35C       TopButton
 0001:00039F58       TopMostTimerProc
 0001:0000F110       TranslateCharsetInfo
 0001:00000A88       TranslateMessage
 0001:0000EE64       TryHookDllProcedureEx
 0001:00051610       TSafeObject.GetSafeCall
 0001:00044C70       TSendDialogThread.Create
 0001:00044CB8       TSendDialogThread.Execute
 0001:00043CE8       TSendObject.OnSent
 0001:000468F0       TSendThread.Execute
 0002:00004C64       TwoByteOpcodes
 0001:0002072C       TXMLItem.AddField
[...]
 15059 0001:00051313 15064 0001:00051318 15067 0001:0005131F 15068 0001:00051325
 15069 0001:00051337 15070 0001:0005133F 15071 0001:00051342 15074 0001:00051348
 15075 0001:0005134E 15076 0001:00051357 15080 0001:0005135C 15081 0001:00051364
 15085 0001:00051368 15086 0001:00051370 15090 0001:00051374 15091 0001:0005137C
 15095 0001:00051380 15096 0001:00051388 15099 0001:0005138C 15100 0001:00051393
 15101 0001:0005139F 15102 0001:000513AD 15103 0001:000513B4 15104 0001:000513C3
 15109 0001:000513C8 15110 0001:000513D0 15111 0001:000513D8 15114 0001:000513E6
 15115 0001:000513ED 15117 0001:000513F1 15119 0001:00051407 15120 0001:00051411
 15122 0001:00051412 15115 0001:00051413 15125 0001:00051424 15127 0001:00051434
 15131 0001:00051438 15132 0001:00051442 15133 0001:00051446 15134 0001:00051451
 15135 0001:0005145F 15136 0001:00051470 15138 0001:00051494 15140 0001:000514AA
 15143 0001:000514B0 15144 0001:000514B1 15146 0001:000514D3 15147 0001:000514EC
 15151 0001:000514F0 15152 0001:000514FF 15153 0001:0005150A 15154 0001:00051518
 15155 0001:00051524 15157 0001:00051546 15159 0001:00051559 15166 0001:00051560
 15167 0001:00051564 15168 0001:0005156D 15167 0001:00051576 15169 0001:00051579
 15170 0001:00051580 15176 0001:00051584 15177 0001:0005158A 15179 0001:00051593
 15180 0001:0005159E 15181 0001:000515A7 15184 0001:000515AC 15185 0001:000515B7
 15186 0001:000515BE 15187 0001:000515D5 15190 0001:000515D8 15191 0001:000515DE
 15192 0001:000515E7 15201 0001:000515EC 15202 0001:000515EF 15203 0001:0005160D
 15205 0001:00051610 15207 0001:00051628 15209 0001:0005162D 15210 0001:0005162E
 15211 0001:00051631 15213 0001:00051634 15214 0001:0005164F 15220 0001:00051658
 15221 0001:0005165D 15231 0001:00051660 15232 0001:0005167C 15233 0001:000516CC
 15234 0001:000516D8 15235 0001:00051723 15236 0001:00051752 15325 0001:0005184C
 15326 0001:00051879 15327 0001:00051888 15328 0001:00051897 15329 0001:000518A5
 15330 0001:000518AF 15332 0001:000518C6 15333 0001:000518CE 15334 0001:000518ED
 15336 0001:000518FE 15337 0001:0005190A 15338 0001:00051918 15339 0001:0005191C
 15340 0001:00051924 15341 0001:0005193E 15342 0001:0005194A 15343 0001:0005195F
 15344 0001:0005196D 15345 0001:0005198B 15346 0001:000519AB 15347 0001:000519CE
 15348 0001:000519F1 15349 0001:00051A11 15350 0001:00051A31 15351 0001:00051A36
 15353 0001:00051A48 15354 0001:00051A59 15353 0001:00051A67 15356 0001:00051A6A
 15358 0001:00051A70 15359 0001:00051A8B 15361 0001:00051AA9 15362 0001:00051AB7
 15364 0001:00051ABA 15366 0001:00051AC4 15330 0001:00051AC5 15368 0001:00051ADB
 15369 0001:00051AE3 15371 0001:00051B15 15373 0001:00051B3C 15374 0001:00051B72
 15375 0001:00051B79 15376 0001:00051B87 15377 0001:00051B95 15379 0001:00051BA2
 15380 0001:00051BB8 15381 0001:00051BC6 15383 0001:00051BE5 15386 0001:00051C10
 15389 0001:00051C2D 15391 0001:00051C5E 15394 0001:00051C68 15395 0001:00051C6D
 15396 0001:00051C74 15398 0001:00051C78 15399 0001:00051C7F 15400 0001:00051C88
 15402 0001:00051C97 15404 0001:00051CA6 15562 0001:00051CAC 15563 0001:00051CB3
 15564 0001:00051CBD 15565 0001:00051CCB 15567 0001:00051CE9 15569 0001:00051CFE
 15590 0001:00051D04 15591 0001:00051D09 15595 0001:00051D0C 15596 0001:00051D11
 15632 0001:00051D14 15633 0001:00051D16 15634 0001:00051D19 15636 0001:00051D1C
 15637 0001:00051D2A 15639 0001:00051D2E 15640 0001:00051D38 15641 0001:00051D46
 15643 0001:00051D4F 15644 0001:00051D63 15646 0001:00051D67 15647 0001:00051D79
 15651 0001:00051D83 15658 0001:00051DB7 15660 0001:00051DC2 15661 0001:00051DC8
 15663 0001:00051DCE 15664 0001:00051DF0 15668 0001:00051E25 15670 0001:00051E3A
 15696 0001:00051E58 15697 0001:00051E5E 15698 0001:00051E7B 15699 0001:00051E85
 15704 0001:00051E88 15705 0001:00051E8E 15706 0001:00051EAB 15707 0001:00051EB5
 15713 0001:00051EB8 15714 0001:00051EC1 15717 0001:00051EE7 15718 0001:00051EF1
 15719 0001:00051EFF 15721 0001:00051F16 15724 0001:00051F25 15727 0001:00051F2C
 15728 0001:00051F32 15730 0001:00051F5E 15731 0001:00051F68 15736 0001:00051F6C
 15737 0001:00051F72 15738 0001:00051F8F 15739 0001:00051F99 15742 0001:00051F9C
 15743 0001:00051FA2 15745 0001:00051FB9 15746 0001:00051FD3 15748 0001:00051FE0
 15749 0001:00051FEA 15758 0001:00051FF0 15759 0001:00052005 15760 0001:0005200D
 15762 0001:00052013 15763 0001:0005202B 15765 0001:0005202F 15766 0001:00052040
 15769 0001:00052057 15770 0001:0005206F 15771 0001:00052073 15773 0001:00052091
 15774 0001:000520A0 15775 0001:000520B6 15776 0001:000520DA 15787 0001:00052124
 15788 0001:00052138 15790 0001:0005218C 15804 0001:000521A4 15805 0001:000521C4
 15806 0001:000521D3 15808 0001:000521D9 15809 0001:000521E7 15811 0001:000521FD
 15812 0001:00052218 15813 0001:00052223 15814 0001:00052231 15815 0001:00052246
 15816 0001:0005224E 15818 0001:0005225A 15819 0001:0005226C 15820 0001:0005227A
 15822 0001:00052295 15825 0001:000522B5 15827 0001:000522E5 15829 0001:000522EC
 15830 0001:0005230C 15832 0001:0005231B 15833 0001:0005232A 15834 0001:00052338
 15835 0001:00052346 15836 0001:00052354 15837 0001:00052363 15838 0001:0005237C
 15839 0001:00052394 15842 0001:000523B2 15843 0001:000523DC 15845 0001:000523E9
 15846 0001:000523F8 15847 0001:00052406 15848 0001:00052422 15849 0001:0005242E
 15850 0001:0005243D 15851 0001:0005244B 15852 0001:00052456 15853 0001:00052462
 15854 0001:00052474 15856 0001:0005249D 15859 0001:000524BA 15862 0001:000524CA
 15865 0001:000524E4 15868 0001:0005250A 15871 0001:0005251A 15872 0001:00052545
 15880 0001:00052558 15881 0001:0005257B 15884 0001:0005259C 15885 0001:000525A0
 15888 0001:000525B7 15889 0001:000525D0 15891 0001:00052602 15896 0001:0005260C
 15897 0001:00052612 15898 0001:0005262C 15899 0001:00052636 15905 0001:0005263C
 15906 0001:00052643 15908 0001:00052645 15909 0001:0005264A 15910 0001:0005264C
 15912 0001:0005264E 15913 0001:00052653 15914 0001:00052659 15915 0001:0005265A
 15916 0001:00052660 15917 0001:00052662 15918 0001:00052664 15919 0001:00052666
 15920 0001:0005266C 15921 0001:0005266E 15922 0001:00052670 15923 0001:00052672
 15924 0001:00052677 15925 0001:00052679 15926 0001:0005267E 15927 0001:00052680
 15928 0001:00052681 15929 0001:00052686 15930 0001:00052687 15933 0001:0005268C
 15934 0001:00052692 15939 0001:00052694 15940 0001:000526A6 15941 0001:000526C8
 15952 0001:000526CC 15953 0001:000526EF 15955 0001:000526F4 15958 0001:000526FD
 15959 0001:0005270A 15960 0001:00052717 15964 0001:00052726 15966 0001:00052728
 15967 0001:00052731 15971 0001:00052761 15972 0001:00052768 15974 0001:0005276D
 15977 0001:00052776 15979 0001:00052778 15980 0001:0005277F 15981 0001:00052780
 15982 0001:0005278E 15984 0001:00052790 15985 0001:000527AD 15986 0001:000527CC
 15988 0001:000527D4 15989 0001:000527DF 15990 0001:000527EB 15991 0001:000527F9
 15992 0001:0005280B 15993 0001:00052815 15996 0001:00052843 15998 0001:0005286A
 16001 0001:00052878 16003 0001:000528B3 16007 0001:000528D0 16008 0001:000528DB
 16011 0001:000528EF 16012 0001:0005291C 16017 0001:00052924 16018 0001:00052927
 16021 0001:00052942 16022 0001:00052949 16023 0001:00052957 16024 0001:00052974
 16026 0001:0005297B 16027 0001:0005298C 16028 0001:00052995 16029 0001:000529A1
 16031 0001:000529AB 16033 0001:000529BF 16035 0001:000529CE 16039 0001:000529D0
 16041 0001:000529E2 16042 0001:000529EC 16043 0001:000529FA 16045 0001:00052A0C
 16046 0001:00052A1C 16047 0001:00052A26 16048 0001:00052A2D 16055 0001:00052A30
 16056 0001:00052A36 16058 0001:00052A3F 16060 0001:00052A47 16061 0001:00052A50
 16062 0001:00052A5A 16064 0001:00052A61 16068 0001:00052A69 16069 0001:00052A72
 16072 0001:00052A78 16073 0001:00052A7E 16075 0001:00052A87 16077 0001:00052A8C
 16078 0001:00052A95 16079 0001:00052AA2 16081 0001:00052AA9 16085 0001:00052AB1
 16086 0001:00052ABA 16090 0001:00052AC0 16091 0001:00052AC5 16095 0001:00052AC8
 16096 0001:00052ACD 16103 0001:00052AD0 16104 0001:00052AF4 16107 0001:00052B30
 16108 0001:00052B47 16112 0001:00052B56 16113 0001:00052B6D 16117 0001:00052B7C
 16118 0001:00052B93 16122 0001:00052BA2 16123 0001:00052BB9 16127 0001:00052BC8
 16128 0001:00052BDF 16132 0001:00052BEE 16133 0001:00052C05 16137 0001:00052C2A
 16138 0001:00052C41 16142 0001:00052C63 16146 0001:00052C7C 16150 0001:00052C95
 16153 0001:00052CDB 16256 0001:00052CE8 16257 0001:00052D03 16258 0001:00052D11
 16259 0001:00052D1A 16261 0001:00052D24 16262 0001:00052D38 16259 0001:00052D3B
 16263 0001:00052D5B 16273 0001:00052D64 16274 0001:00052D7C 16276 0001:00052D89
 16278 0001:00052D97 16279 0001:00052D9E 16281 0001:00052DB5 16285 0001:00052DD0
 16286 0001:00052DDE 16287 0001:00052DE5 16289 0001:00052DFC 16293 0001:00052E17
 16294 0001:00052E25 16295 0001:00052E2C 16296 0001:00052E33 16298 0001:00052E3F
 16299 0001:00052E46 16301 0001:00052E57 16302 0001:00052E70 16304 0001:00052E78
 16307 0001:00052E89 16308 0001:00052E95 16310 0001:00052EB3 16312 0001:00052EC6
 16313 0001:00052ED7 16314 0001:00052EEA 16315 0001:00052EFD 16316 0001:00052F0E
 16317 0001:00052F18 16318 0001:00052F22 16319 0001:00052F2C 16320 0001:00052F36
 16321 0001:00052F45 16322 0001:00052F4C 16324 0001:00052F6E 16326 0001:00052F7C
 16327 0001:00052F85 16328 0001:00052F8D 16330 0001:00052F95 16331 0001:00052FA6
 16332 0001:00052FB7 16333 0001:00052FC8 16334 0001:00052FCD 16335 0001:00052FDE
 16336 0001:00052FEF 16337 0001:00053000 16339 0001:00053014 16341 0001:00053045
 16349 0001:000530B8 16350 0001:000530DF 16352 0001:000530EC 16353 0001:000530F0
 16354 0001:000530FE 16356 0001:00053106 16357 0001:00053112 16358 0001:00053125
 16361 0001:0005313F 16363 0001:00053145 16364 0001:00053149 16366 0001:0005314D
 16367 0001:00053159 16370 0001:00053166 16371 0001:0005316A 16372 0001:0005318D
 16373 0001:00053193 16374 0001:00053199 16376 0001:000531A5 16354 0001:000531A9
 16378 0001:000531B2 16379 0001:000531BB 16380 0001:000531C4 16382 0001:000531E0
 16384 0001:00053204 16386 0001:00053213 16392 0001:00053238 16393 0001:0005325A
 16395 0001:00053267 16397 0001:00053283 16401 0001:00053291 16403 0001:00053298
 16406 0001:000532B7 16410 0001:00053334 16412 0001:00053342 16414 0001:00053379
 16417 0001:00053398 16422 0001:000533A9 16423 0001:000533B3 16426 0001:000533BA
 16427 0001:000533C8 16428 0001:000533CF 16429 0001:000533D9 16430 0001:000533E0
 16431 0001:000533EA 16432 0001:000533F1 16433 0001:000533FB 16434 0001:00053402
 16435 0001:0005340C 16436 0001:00053416 16437 0001:00053420 16438 0001:0005342A
 16439 0001:00053434 16440 0001:0005343B 16441 0001:00053445 16442 0001:0005344C
 16443 0001:00053456 16444 0001:0005345D 16445 0001:00053467 16446 0001:0005346E
 16447 0001:00053478 16448 0001:0005347F 16449 0001:00053489 16450 0001:00053490
 16451 0001:0005349A 16452 0001:000534A1 16453 0001:000534AB 16454 0001:000534B2
 16455 0001:000534BC 16456 0001:000534C3 16457 0001:000534CE 16458 0001:000534DD
 16461 0001:000534E2 16462 0001:000534EC 16463 0001:000534F6 16464 0001:00053500
 16465 0001:0005350A 16466 0001:00053514 16467 0001:0005351E 16468 0001:00053528
 16469 0001:00053532 16470 0001:0005353C 16471 0001:00053546 16472 0001:00053550
 16473 0001:0005355A 16474 0001:00053564 16475 0001:0005356E 16476 0001:00053578
 16477 0001:00053582 16478 0001:0005358C 16479 0001:00053596 16480 0001:000535A0
 16481 0001:000535AA 16482 0001:000535B4 16483 0001:000535BE 16484 0001:000535C8
 16485 0001:000535D2 16486 0001:000535DC 16487 0001:000535E6 16488 0001:000535F0
 16489 0001:000535FA 16490 0001:00053604 16491 0001:0005360E 16492 0001:00053618
 16494 0001:0005361D 16497 0001:00053636 16501 0001:00053651 16503 0001:0005365F
 16504 0001:00053666 16506 0001:0005367D 16510 0001:00053698 16511 0001:000536A6
 16512 0001:000536AD 16514 0001:000536C4 16517 0001:00053701 16521 0001:000537B8
 16522 0001:000537CF 16526 0001:000537D0 16527 0001:000537E7 16534 0001:000537E8
 16535 0001:000537F2 16538 0001:000537F4 16540 0001:00053807 16541 0001:00053812
 16542 0001:0005381D 16545 0001:00053828 16546 0001:00053833 16549 0001:0005383E
 16550 0001:0005385A 16551 0001:00053882 16568 0001:00053888 16572 0001:0005388C
 16573 0001:00053893 16574 0001:00053898 16579 0001:0005389C 16580 0001:000538A3
 16582 0001:000538C0 16584 0001:000538C5 16586 0001:000538CA 16587 0001:000538CB
 16588 0001:000538CE 16590 0001:000538D1 16591 0001:000538E1 16596 0001:000538E8
 16597 0001:000538EF 16602 0001:0005391D 16604 0001:00053922 16605 0001:00053923
 16606 0001:00053926 16608 0001:00053929 16609 0001:00053939 16614 0001:00053940
 16615 0001:00053946 16616 0001:00053955 16617 0001:00053963 16619 0001:00053988
 16621 0001:0005399B 16626 0001:000539A0 16627 0001:000539A7 16629 0001:000539C4
 16631 0001:000539C9 16633 0001:000539CE 16634 0001:000539CF 16635 0001:000539D2
 16637 0001:000539D5 16638 0001:000539E5 16650 0001:000539EC 16651 0001:000539F5
 16654 0001:000539FC 16655 0001:00053A0B 16656 0001:00053A19 16657 0001:00053A23
 16658 0001:00053A32 16660 0001:00053A3D 16661 0001:00053A47 16662 0001:00053A56
 16664 0001:00053A61 16665 0001:00053A6B 16666 0001:00053A7A 16668 0001:00053A85
 16671 0001:00053A8F 16675 0001:00053A96 16676 0001:00053AA5 16677 0001:00053AAF
 16668 0001:00053AB0 16679 0001:00053AB3 16682 0001:00053ABD 16683 0001:00053AD7
 16684 0001:00053AE8 16679 0001:00053AE9 16686 0001:00053AF9 16688 0001:00053B09
 16698 0001:00053B10 16700 0001:00053B13 16701 0001:00053B19 16704 0001:00053B20
 16706 0001:00053B33 16707 0001:00053B49 16708 0001:00053B56 16709 0001:00053B71
 16713 0001:00053B86 16714 0001:00053B93 16718 0001:00053B98 16719 0001:00053B9F
 16720 0001:00053BA5 16722 0001:00053BA8 16723 0001:00053BAE 16725 0001:00053BB5
 16726 0001:00053BBA 16727 0001:00053BC8 16729 0001:00053BD2 16730 0001:00053BDA
 16732 0001:00053BF3 16733 0001:00053C03 16735 0001:00053C10 16736 0001:00053C15
 16737 0001:00053C24 16739 0001:00053C2F 16740 0001:00053C37 16742 0001:00053C51
 16744 0001:00053C5D 16754 0001:00053C64 16755 0001:00053C7F 16756 0001:00053C8C
 16757 0001:00053CA8 16758 0001:00053CF5 16760 0001:00053D44 16762 0001:00053D62
 16773 0001:00053D7D 16783 0001:00053D98 16793 0001:00053DA5 16796 0001:00053DB6
 16803 0001:00053DC7 16807 0001:00053DE2 16813 0001:00053DFD 16816 0001:00053E02
 16820 0001:00053E22 16823 0001:00053E42 16824 0001:00053E43 16826 0001:00053E4D
 16831 0001:00053E6D 16836 0001:00053E88 16841 0001:00053EA3 16842 0001:00053EAC
 16847 0001:00053EC7 16849 0001:00053ED5 16852 0001:00053F12 16856 0001:000541D8
 16857 0001:000541F3 16860 0001:000541F4 16861 0001:000541F7 16862 0001:00054208
 16865 0001:0005420C 16869 0001:0005420F 16871 0001:00054216 16886 0001:00054218
 16887 0001:0005421B 16889 0001:00054222 16894 0001:00054224 16895 0001:0005422C
 16897 0001:0005423B 16898 0001:00054240 16900 0001:0005424D 16903 0001:00054275
 16904 0001:00054288 16906 0001:0005428A 16898 0001:0005428B 16907 0001:0005428E
 16918 0001:00054294 16919 0001:0005429B 16920 0001:000542AE 16921 0001:000542BC
 16923 0001:000542D3 16925 0001:000542E3 16927 0001:000542E8 16928 0001:00054305
 16929 0001:00054309 16931 0001:00054326 16932 0001:00054335 16933 0001:00054343
 16934 0001:0005435B 16936 0001:0005436F 16937 0001:00054381 16938 0001:00054384
 16939 0001:00054389 16940 0001:0005439E 16942 0001:000543B1 16944 0001:000543E6
 16946 0001:000543EC 16947 0001:0005440B 16948 0001:00054429 16950 0001:00054433
 16952 0001:0005443E 16955 0001:00054468 16958 0001:00054485 16959 0001:0005448C
 16960 0001:00054493 16961 0001:0005449A 16962 0001:000544A1 16963 0001:000544B6
 16964 0001:000544BD 16965 0001:000544C4 16966 0001:000544CB 16967 0001:000544D2
 16968 0001:000544D9 16969 0001:000544E0 16970 0001:000544E7 16971 0001:000544EE
 16972 0001:000544F5 16973 0001:0005450C 16974 0001:00054523 16975 0001:0005452A
 16976 0001:00054534 16977 0001:0005453B 16978 0001:0005454A 16979 0001:00054551
 16980 0001:00054562 16981 0001:0005456C 16983 0001:00054573 16984 0001:0005457D
 16985 0001:00054587 16987 0001:00054591 16989 0001:00054596 16992 0001:0005459F
 16995 0001:000545A4 16997 0001:000545B2 16998 0001:000545B9 17002 0001:000545BE
 17003 0001:000545CF 17005 0001:000545E0 17006 0001:000545F9 17008 0001:00054601
 17037 0001:00054614 17039 0001:00054619 17040 0001:0005462A 17041 0001:0005463B
 17042 0001:0005464C 17043 0001:0005465D 17045 0001:0005466E 17046 0001:00054675
 17047 0001:00054681 17048 0001:00054688 17049 0001:0005468F 17050 0001:00054699
 17051 0001:000546A0 17052 0001:000546A7 17055 0001:000546C9 17056 0001:000546DC
 17058 0001:000546EA 17059 0001:000546F3 17060 0001:000546FB 17063 0001:00054703
 17064 0001:00054708 17065 0001:00054712 17066 0001:0005471C 17068 0001:0005472D
 17069 0001:0005473E 17070 0001:00054743 17071 0001:0005474A 17072 0001:00054754
 17073 0001:0005475E 17074 0001:00054765 17075 0001:0005476C 17076 0001:00054773
 17077 0001:0005477A 17078 0001:00054781 17080 0001:00054788 17081 0001:0005478F
 17082 0001:00054796 17084 0001:0005479D 17086 0001:000547A4 17089 0001:000547AC
 17091 0001:000547B6 17093 0001:000547D0 17094 0001:000547DC 17095 0001:000547E7
 17096 0001:000547F3 17098 0001:000547FE 17101 0001:00054803 17107 0001:00054850
 17113 0001:0005489D 17119 0001:000548EA 17120 0001:000548FF 17122 0001:00054908
 17136 0001:00054921 17142 0001:0005496E 17148 0001:000549BB 17154 0001:00054A08
 17156 0001:00054A16 17158 0001:00054A24 17160 0001:00054A32 17161 0001:00054A37
 17165 0001:00054A61 17167 0001:00054A6E 17170 0001:00054A82 17171 0001:00054AB4
 17175 0001:00054AF0 17179 0001:00054AF7 17180 0001:00054AFC 17183 0001:00054B2B
 17190 0001:00054BFC 17191 0001:00054C10 17192 0001:00054C1E 17194 0001:00054C31
 17195 0001:00054C3B 17197 0001:00054C45 17198 0001:00054C58 17200 0001:00054C5F
 17201 0001:00054C69 17202 0001:00054C70 17203 0001:00054C7A 17204 0001:00054C81
 17205 0001:00054C8B 17206 0001:00054C92 17207 0001:00054C9C 17208 0001:00054CA3
 17209 0001:00054CAD 17211 0001:00054CB4 17212 0001:00054CB9 17214 0001:00054CC4
 17216 0001:00054CD6 17217 0001:00054CE3 17220 0001:00054CF0 17221 0001:00054CF9
 17223 0001:00054D08 17224 0001:00054D12 17225 0001:00054D19 17226 0001:00054D23
 17227 0001:00054D2A 17228 0001:00054D34 17230 0001:00054D3B 17231 0001:00054D45
 17232 0001:00054D4F 17233 0001:00054D59 17234 0001:00054D63 17237 0001:00054D6A
 17239 0001:00054D73 17240 0001:00054D7F 17241 0001:00054D89 17244 0001:00054D9C
 17245 0001:00054DA6 17246 0001:00054DAD 17247 0001:00054DB7 17248 0001:00054DBE
 17249 0001:00054DC8 17251 0001:00054DCF 17252 0001:00054DDE 17254 0001:00054DE5
 17255 0001:00054DEA 17257 0001:00054DFE 17258 0001:00054E08 17259 0001:00054E0F
 17261 0001:00054E3E 17289 0001:00054E54 17290 0001:00054E80 17292 0001:00054FE6
 17284 0001:00055004 17285 0001:00055028 17286 0001:00055037 17288 0001:00055051

Line numbers for frmMain(frmMain.pas) segment .text

    39 0001:000557F4    40 0001:000557F8    41 0001:00055802    42 0001:00055814
    43 0001:0005582A    44 0001:00055836    49 0001:00055850    50 0001:00055855
    56 0001:00055862    57 0001:0005586E    54 0001:00055875    59 0001:00055881
    60 0001:0005588C    65 0001:00055890    66 0001:00055895    73 0001:00055898
    74 0001:000558B5    75 0001:000558C9    76 0001:000558F3    77 0001:000558F9
    79 0001:00055906    80 0001:0005592A    86 0001:00055944    87 0001:00055949
    88 0001:00055959    89 0001:00055969    91 0001:00055970    92 0001:00055977
    98 0001:0005597C    99 0001:00055981   100 0001:00055992   102 0001:000559A3
   103 0001:000559B0   104 0001:000559C4   100 0001:000559C5   105 0001:000559C8
   106 0001:000559DE   108 0001:000559FB   110 0001:00055A40   110 0001:00055A47

Line numbers for LearnDelphi(X:\_Dev\Delphi\06\LearnDelphi\LearnDelphi.dpr) segment .text

    10 0001:00055C80    11 0001:00055C90    12 0001:00055C9C    13 0001:00055CB4
    14 0001:00055CC0

Bound resource files

X:\_Dev\Delphi\Lib\Pack\EurekaLog6\Delphi6\DIALOG.RES
frmMain.dfm
LearnDelphi.res
LearnDelphi.drf


Program entry point at 0001:00055C80
